running egg_info
creating ../../build/robot_service_pkg/robot_service_pkg.egg-info
writing ../../build/robot_service_pkg/robot_service_pkg.egg-info/PKG-INFO
writing dependency_links to ../../build/robot_service_pkg/robot_service_pkg.egg-info/dependency_links.txt
writing entry points to ../../build/robot_service_pkg/robot_service_pkg.egg-info/entry_points.txt
writing requirements to ../../build/robot_service_pkg/robot_service_pkg.egg-info/requires.txt
writing top-level names to ../../build/robot_service_pkg/robot_service_pkg.egg-info/top_level.txt
writing manifest file '../../build/robot_service_pkg/robot_service_pkg.egg-info/SOURCES.txt'
reading manifest file '../../build/robot_service_pkg/robot_service_pkg.egg-info/SOURCES.txt'
writing manifest file '../../build/robot_service_pkg/robot_service_pkg.egg-info/SOURCES.txt'
running build
running build_py
creating /data2/Brinda/Documents/Reports/ROS2/my_ros2_workspace/build/robot_service_pkg/build/lib/robot_service_pkg
copying robot_service_pkg/robot_client.py -> /data2/Brinda/Documents/Reports/ROS2/my_ros2_workspace/build/robot_service_pkg/build/lib/robot_service_pkg
copying robot_service_pkg/robot_server.py -> /data2/Brinda/Documents/Reports/ROS2/my_ros2_workspace/build/robot_service_pkg/build/lib/robot_service_pkg
copying robot_service_pkg/__init__.py -> /data2/Brinda/Documents/Reports/ROS2/my_ros2_workspace/build/robot_service_pkg/build/lib/robot_service_pkg
running install
running install_lib
creating /data2/Brinda/Documents/Reports/ROS2/my_ros2_workspace/install/robot_service_pkg/lib/python3.10/site-packages/robot_service_pkg
copying /data2/Brinda/Documents/Reports/ROS2/my_ros2_workspace/build/robot_service_pkg/build/lib/robot_service_pkg/robot_client.py -> /data2/Brinda/Documents/Reports/ROS2/my_ros2_workspace/install/robot_service_pkg/lib/python3.10/site-packages/robot_service_pkg
copying /data2/Brinda/Documents/Reports/ROS2/my_ros2_workspace/build/robot_service_pkg/build/lib/robot_service_pkg/robot_server.py -> /data2/Brinda/Documents/Reports/ROS2/my_ros2_workspace/install/robot_service_pkg/lib/python3.10/site-packages/robot_service_pkg
copying /data2/Brinda/Documents/Reports/ROS2/my_ros2_workspace/build/robot_service_pkg/build/lib/robot_service_pkg/__init__.py -> /data2/Brinda/Documents/Reports/ROS2/my_ros2_workspace/install/robot_service_pkg/lib/python3.10/site-packages/robot_service_pkg
byte-compiling /data2/Brinda/Documents/Reports/ROS2/my_ros2_workspace/install/robot_service_pkg/lib/python3.10/site-packages/robot_service_pkg/robot_client.py to robot_client.cpython-310.pyc
byte-compiling /data2/Brinda/Documents/Reports/ROS2/my_ros2_workspace/install/robot_service_pkg/lib/python3.10/site-packages/robot_service_pkg/robot_server.py to robot_server.cpython-310.pyc
byte-compiling /data2/Brinda/Documents/Reports/ROS2/my_ros2_workspace/install/robot_service_pkg/lib/python3.10/site-packages/robot_service_pkg/__init__.py to __init__.cpython-310.pyc
running install_data
creating /data2/Brinda/Documents/Reports/ROS2/my_ros2_workspace/install/robot_service_pkg/share/ament_index/resource_index/packages
copying resource/robot_service_pkg -> /data2/Brinda/Documents/Reports/ROS2/my_ros2_workspace/install/robot_service_pkg/share/ament_index/resource_index/packages
copying package.xml -> /data2/Brinda/Documents/Reports/ROS2/my_ros2_workspace/install/robot_service_pkg/share/robot_service_pkg
running install_egg_info
Copying ../../build/robot_service_pkg/robot_service_pkg.egg-info to /data2/Brinda/Documents/Reports/ROS2/my_ros2_workspace/install/robot_service_pkg/lib/python3.10/site-packages/robot_service_pkg-0.0.0-py3.10.egg-info
running install_scripts
Installing robot_client script to /data2/Brinda/Documents/Reports/ROS2/my_ros2_workspace/install/robot_service_pkg/lib/robot_service_pkg
Installing robot_server script to /data2/Brinda/Documents/Reports/ROS2/my_ros2_workspace/install/robot_service_pkg/lib/robot_service_pkg
writing list of installed files to '/data2/Brinda/Documents/Reports/ROS2/my_ros2_workspace/build/robot_service_pkg/install.log'
