[1.898s] Invoking command in '/data2/Brinda/Documents/Reports/ROS2/my_ros2_workspace/src/robot_service_pkg': CONDA_PROMPT_MODIFIER=(cv) PYTHONPATH=/data2/Brinda/Documents/Reports/ROS2/my_ros2_workspace/build/robot_service_pkg/prefix_override:/usr/lib/python3/dist-packages/colcon_core/task/python/colcon_distutils_commands:/data2/Brinda/Documents/Reports/ROS2/my_ros2_workspace/install/robot_service_pkg/lib/python3.10/site-packages:${PYTHONPATH} /usr/bin/python3 -W ignore:setup.py install is deprecated -W ignore:easy_install command is deprecated setup.py egg_info --egg-base ../../build/robot_service_pkg build --build-base /data2/Brinda/Documents/Reports/ROS2/my_ros2_workspace/build/robot_service_pkg/build install --record /data2/Brinda/Documents/Reports/ROS2/my_ros2_workspace/build/robot_service_pkg/install.log --single-version-externally-managed install_data
[2.175s] running egg_info
[2.193s] creating ../../build/robot_service_pkg/robot_service_pkg.egg-info
[2.194s] writing ../../build/robot_service_pkg/robot_service_pkg.egg-info/PKG-INFO
[2.196s] writing dependency_links to ../../build/robot_service_pkg/robot_service_pkg.egg-info/dependency_links.txt
[2.196s] writing entry points to ../../build/robot_service_pkg/robot_service_pkg.egg-info/entry_points.txt
[2.197s] writing requirements to ../../build/robot_service_pkg/robot_service_pkg.egg-info/requires.txt
[2.197s] writing top-level names to ../../build/robot_service_pkg/robot_service_pkg.egg-info/top_level.txt
[2.198s] writing manifest file '../../build/robot_service_pkg/robot_service_pkg.egg-info/SOURCES.txt'
[2.234s] reading manifest file '../../build/robot_service_pkg/robot_service_pkg.egg-info/SOURCES.txt'
[2.236s] writing manifest file '../../build/robot_service_pkg/robot_service_pkg.egg-info/SOURCES.txt'
[2.237s] running build
[2.237s] running build_py
[2.237s] creating /data2/Brinda/Documents/Reports/ROS2/my_ros2_workspace/build/robot_service_pkg/build/lib/robot_service_pkg
[2.238s] copying robot_service_pkg/robot_client.py -> /data2/Brinda/Documents/Reports/ROS2/my_ros2_workspace/build/robot_service_pkg/build/lib/robot_service_pkg
[2.238s] copying robot_service_pkg/robot_server.py -> /data2/Brinda/Documents/Reports/ROS2/my_ros2_workspace/build/robot_service_pkg/build/lib/robot_service_pkg
[2.239s] copying robot_service_pkg/__init__.py -> /data2/Brinda/Documents/Reports/ROS2/my_ros2_workspace/build/robot_service_pkg/build/lib/robot_service_pkg
[2.240s] running install
[2.245s] running install_lib
[2.266s] creating /data2/Brinda/Documents/Reports/ROS2/my_ros2_workspace/install/robot_service_pkg/lib/python3.10/site-packages/robot_service_pkg
[2.267s] copying /data2/Brinda/Documents/Reports/ROS2/my_ros2_workspace/build/robot_service_pkg/build/lib/robot_service_pkg/robot_client.py -> /data2/Brinda/Documents/Reports/ROS2/my_ros2_workspace/install/robot_service_pkg/lib/python3.10/site-packages/robot_service_pkg
[2.270s] copying /data2/Brinda/Documents/Reports/ROS2/my_ros2_workspace/build/robot_service_pkg/build/lib/robot_service_pkg/robot_server.py -> /data2/Brinda/Documents/Reports/ROS2/my_ros2_workspace/install/robot_service_pkg/lib/python3.10/site-packages/robot_service_pkg
[2.272s] copying /data2/Brinda/Documents/Reports/ROS2/my_ros2_workspace/build/robot_service_pkg/build/lib/robot_service_pkg/__init__.py -> /data2/Brinda/Documents/Reports/ROS2/my_ros2_workspace/install/robot_service_pkg/lib/python3.10/site-packages/robot_service_pkg
[2.275s] byte-compiling /data2/Brinda/Documents/Reports/ROS2/my_ros2_workspace/install/robot_service_pkg/lib/python3.10/site-packages/robot_service_pkg/robot_client.py to robot_client.cpython-310.pyc
[2.279s] byte-compiling /data2/Brinda/Documents/Reports/ROS2/my_ros2_workspace/install/robot_service_pkg/lib/python3.10/site-packages/robot_service_pkg/robot_server.py to robot_server.cpython-310.pyc
[2.284s] byte-compiling /data2/Brinda/Documents/Reports/ROS2/my_ros2_workspace/install/robot_service_pkg/lib/python3.10/site-packages/robot_service_pkg/__init__.py to __init__.cpython-310.pyc
[2.286s] running install_data
[2.287s] creating /data2/Brinda/Documents/Reports/ROS2/my_ros2_workspace/install/robot_service_pkg/share/ament_index/resource_index/packages
[2.289s] copying resource/robot_service_pkg -> /data2/Brinda/Documents/Reports/ROS2/my_ros2_workspace/install/robot_service_pkg/share/ament_index/resource_index/packages
[2.291s] copying package.xml -> /data2/Brinda/Documents/Reports/ROS2/my_ros2_workspace/install/robot_service_pkg/share/robot_service_pkg
[2.292s] running install_egg_info
[2.313s] Copying ../../build/robot_service_pkg/robot_service_pkg.egg-info to /data2/Brinda/Documents/Reports/ROS2/my_ros2_workspace/install/robot_service_pkg/lib/python3.10/site-packages/robot_service_pkg-0.0.0-py3.10.egg-info
[2.326s] running install_scripts
[2.360s] Installing robot_client script to /data2/Brinda/Documents/Reports/ROS2/my_ros2_workspace/install/robot_service_pkg/lib/robot_service_pkg
[2.360s] Installing robot_server script to /data2/Brinda/Documents/Reports/ROS2/my_ros2_workspace/install/robot_service_pkg/lib/robot_service_pkg
[2.362s] writing list of installed files to '/data2/Brinda/Documents/Reports/ROS2/my_ros2_workspace/build/robot_service_pkg/install.log'
[2.448s] Invoked command in '/data2/Brinda/Documents/Reports/ROS2/my_ros2_workspace/src/robot_service_pkg' returned '0': CONDA_PROMPT_MODIFIER=(cv) PYTHONPATH=/data2/Brinda/Documents/Reports/ROS2/my_ros2_workspace/build/robot_service_pkg/prefix_override:/usr/lib/python3/dist-packages/colcon_core/task/python/colcon_distutils_commands:/data2/Brinda/Documents/Reports/ROS2/my_ros2_workspace/install/robot_service_pkg/lib/python3.10/site-packages:${PYTHONPATH} /usr/bin/python3 -W ignore:setup.py install is deprecated -W ignore:easy_install command is deprecated setup.py egg_info --egg-base ../../build/robot_service_pkg build --build-base /data2/Brinda/Documents/Reports/ROS2/my_ros2_workspace/build/robot_service_pkg/build install --record /data2/Brinda/Documents/Reports/ROS2/my_ros2_workspace/build/robot_service_pkg/install.log --single-version-externally-managed install_data
