[1.861s] Invoking command in '/data2/Brinda/Documents/Reports/ROS2/my_ros2_workspace/src/camera_pkg': CONDA_PROMPT_MODIFIER=(cv) PYTHONPATH=/data2/Brinda/Documents/Reports/ROS2/my_ros2_workspace/build/camera_pkg/prefix_override:/usr/lib/python3/dist-packages/colcon_core/task/python/colcon_distutils_commands:/data2/Brinda/Documents/Reports/ROS2/my_ros2_workspace/install/camera_pkg/lib/python3.10/site-packages:${PYTHONPATH} /usr/bin/python3 -W ignore:setup.py install is deprecated -W ignore:easy_install command is deprecated setup.py egg_info --egg-base ../../build/camera_pkg build --build-base /data2/Brinda/Documents/Reports/ROS2/my_ros2_workspace/build/camera_pkg/build install --record /data2/Brinda/Documents/Reports/ROS2/my_ros2_workspace/build/camera_pkg/install.log --single-version-externally-managed install_data
[2.177s] running egg_info
[2.192s] creating ../../build/camera_pkg/camera_pkg.egg-info
[2.192s] writing ../../build/camera_pkg/camera_pkg.egg-info/PKG-INFO
[2.194s] writing dependency_links to ../../build/camera_pkg/camera_pkg.egg-info/dependency_links.txt
[2.195s] writing requirements to ../../build/camera_pkg/camera_pkg.egg-info/requires.txt
[2.195s] writing top-level names to ../../build/camera_pkg/camera_pkg.egg-info/top_level.txt
[2.195s] writing manifest file '../../build/camera_pkg/camera_pkg.egg-info/SOURCES.txt'
[2.229s] reading manifest file '../../build/camera_pkg/camera_pkg.egg-info/SOURCES.txt'
[2.231s] writing manifest file '../../build/camera_pkg/camera_pkg.egg-info/SOURCES.txt'
[2.232s] running build
[2.232s] running build_py
[2.232s] creating /data2/Brinda/Documents/Reports/ROS2/my_ros2_workspace/build/camera_pkg/build/lib/camera_pkg
[2.233s] copying camera_pkg/__init__.py -> /data2/Brinda/Documents/Reports/ROS2/my_ros2_workspace/build/camera_pkg/build/lib/camera_pkg
[2.233s] running install
[2.237s] running install_lib
[2.262s] creating /data2/Brinda/Documents/Reports/ROS2/my_ros2_workspace/install/camera_pkg/lib/python3.10/site-packages/camera_pkg
[2.263s] copying /data2/Brinda/Documents/Reports/ROS2/my_ros2_workspace/build/camera_pkg/build/lib/camera_pkg/__init__.py -> /data2/Brinda/Documents/Reports/ROS2/my_ros2_workspace/install/camera_pkg/lib/python3.10/site-packages/camera_pkg
[2.266s] byte-compiling /data2/Brinda/Documents/Reports/ROS2/my_ros2_workspace/install/camera_pkg/lib/python3.10/site-packages/camera_pkg/__init__.py to __init__.cpython-310.pyc
[2.269s] running install_data
[2.269s] creating /data2/Brinda/Documents/Reports/ROS2/my_ros2_workspace/install/camera_pkg/share/ament_index/resource_index/packages
[2.270s] copying resource/camera_pkg -> /data2/Brinda/Documents/Reports/ROS2/my_ros2_workspace/install/camera_pkg/share/ament_index/resource_index/packages
[2.272s] copying package.xml -> /data2/Brinda/Documents/Reports/ROS2/my_ros2_workspace/install/camera_pkg/share/camera_pkg
[2.272s] running install_egg_info
[2.294s] Copying ../../build/camera_pkg/camera_pkg.egg-info to /data2/Brinda/Documents/Reports/ROS2/my_ros2_workspace/install/camera_pkg/lib/python3.10/site-packages/camera_pkg-0.0.0-py3.10.egg-info
[2.308s] running install_scripts
[2.345s] writing list of installed files to '/data2/Brinda/Documents/Reports/ROS2/my_ros2_workspace/build/camera_pkg/install.log'
[2.386s] Invoked command in '/data2/Brinda/Documents/Reports/ROS2/my_ros2_workspace/src/camera_pkg' returned '0': CONDA_PROMPT_MODIFIER=(cv) PYTHONPATH=/data2/Brinda/Documents/Reports/ROS2/my_ros2_workspace/build/camera_pkg/prefix_override:/usr/lib/python3/dist-packages/colcon_core/task/python/colcon_distutils_commands:/data2/Brinda/Documents/Reports/ROS2/my_ros2_workspace/install/camera_pkg/lib/python3.10/site-packages:${PYTHONPATH} /usr/bin/python3 -W ignore:setup.py install is deprecated -W ignore:easy_install command is deprecated setup.py egg_info --egg-base ../../build/camera_pkg build --build-base /data2/Brinda/Documents/Reports/ROS2/my_ros2_workspace/build/camera_pkg/build install --record /data2/Brinda/Documents/Reports/ROS2/my_ros2_workspace/build/camera_pkg/install.log --single-version-externally-managed install_data
