[0.558s] Invoking command in '/data2/Brinda/Documents/Reports/ROS2/my_ros2_workspace/robot_comm_pkg/build/robot_comm_pkg': CONDA_PROMPT_MODIFIER=(cv) PYTHONPATH=/data2/Brinda/Documents/Reports/ROS2/my_ros2_workspace/robot_comm_pkg/build/robot_comm_pkg/prefix_override:/usr/lib/python3/dist-packages/colcon_core/task/python/colcon_distutils_commands:/data2/Brinda/Documents/Reports/ROS2/my_ros2_workspace/robot_comm_pkg/install/robot_comm_pkg/lib/python3.10/site-packages:${PYTHONPATH} /usr/bin/python3 -W ignore:setup.py install is deprecated -W ignore:easy_install command is deprecated setup.py develop --editable --build-directory /data2/Brinda/Documents/Reports/ROS2/my_ros2_workspace/robot_comm_pkg/build/robot_comm_pkg/build --no-deps symlink_data
[0.786s] running develop
[0.909s] running egg_info
[0.910s] creating robot_comm_pkg.egg-info
[0.910s] writing robot_comm_pkg.egg-info/PKG-INFO
[0.910s] writing dependency_links to robot_comm_pkg.egg-info/dependency_links.txt
[0.910s] writing entry points to robot_comm_pkg.egg-info/entry_points.txt
[0.910s] writing requirements to robot_comm_pkg.egg-info/requires.txt
[0.910s] writing top-level names to robot_comm_pkg.egg-info/top_level.txt
[0.910s] writing manifest file 'robot_comm_pkg.egg-info/SOURCES.txt'
[0.913s] reading manifest file 'robot_comm_pkg.egg-info/SOURCES.txt'
[0.914s] writing manifest file 'robot_comm_pkg.egg-info/SOURCES.txt'
[0.916s] running build_ext
[0.916s] Creating /data2/Brinda/Documents/Reports/ROS2/my_ros2_workspace/robot_comm_pkg/install/robot_comm_pkg/lib/python3.10/site-packages/robot-comm-pkg.egg-link (link to .)
[0.917s] Installing battery_pub script to /data2/Brinda/Documents/Reports/ROS2/my_ros2_workspace/robot_comm_pkg/install/robot_comm_pkg/lib/robot_comm_pkg
[0.918s] Installing camera_pub script to /data2/Brinda/Documents/Reports/ROS2/my_ros2_workspace/robot_comm_pkg/install/robot_comm_pkg/lib/robot_comm_pkg
[0.918s] Installing position_pub script to /data2/Brinda/Documents/Reports/ROS2/my_ros2_workspace/robot_comm_pkg/install/robot_comm_pkg/lib/robot_comm_pkg
[1.071s] Installing position_sub script to /data2/Brinda/Documents/Reports/ROS2/my_ros2_workspace/robot_comm_pkg/install/robot_comm_pkg/lib/robot_comm_pkg
[1.073s] Installing temperature_pub script to /data2/Brinda/Documents/Reports/ROS2/my_ros2_workspace/robot_comm_pkg/install/robot_comm_pkg/lib/robot_comm_pkg
[1.073s] Installing velocity_pub script to /data2/Brinda/Documents/Reports/ROS2/my_ros2_workspace/robot_comm_pkg/install/robot_comm_pkg/lib/robot_comm_pkg
[1.074s] 
[1.074s] Installed /data2/Brinda/Documents/Reports/ROS2/my_ros2_workspace/robot_comm_pkg/build/robot_comm_pkg
[1.074s] running symlink_data
[1.074s] creating /data2/Brinda/Documents/Reports/ROS2/my_ros2_workspace/robot_comm_pkg/install/robot_comm_pkg/share/ament_index
[1.075s] creating /data2/Brinda/Documents/Reports/ROS2/my_ros2_workspace/robot_comm_pkg/install/robot_comm_pkg/share/ament_index/resource_index
[1.075s] creating /data2/Brinda/Documents/Reports/ROS2/my_ros2_workspace/robot_comm_pkg/install/robot_comm_pkg/share/ament_index/resource_index/packages
[1.075s] symbolically linking /data2/Brinda/Documents/Reports/ROS2/my_ros2_workspace/robot_comm_pkg/build/robot_comm_pkg/resource/robot_comm_pkg -> /data2/Brinda/Documents/Reports/ROS2/my_ros2_workspace/robot_comm_pkg/install/robot_comm_pkg/share/ament_index/resource_index/packages
[1.075s] symbolically linking /data2/Brinda/Documents/Reports/ROS2/my_ros2_workspace/robot_comm_pkg/build/robot_comm_pkg/package.xml -> /data2/Brinda/Documents/Reports/ROS2/my_ros2_workspace/robot_comm_pkg/install/robot_comm_pkg/share/robot_comm_pkg
[1.091s] Invoked command in '/data2/Brinda/Documents/Reports/ROS2/my_ros2_workspace/robot_comm_pkg/build/robot_comm_pkg' returned '0': CONDA_PROMPT_MODIFIER=(cv) PYTHONPATH=/data2/Brinda/Documents/Reports/ROS2/my_ros2_workspace/robot_comm_pkg/build/robot_comm_pkg/prefix_override:/usr/lib/python3/dist-packages/colcon_core/task/python/colcon_distutils_commands:/data2/Brinda/Documents/Reports/ROS2/my_ros2_workspace/robot_comm_pkg/install/robot_comm_pkg/lib/python3.10/site-packages:${PYTHONPATH} /usr/bin/python3 -W ignore:setup.py install is deprecated -W ignore:easy_install command is deprecated setup.py develop --editable --build-directory /data2/Brinda/Documents/Reports/ROS2/my_ros2_workspace/robot_comm_pkg/build/robot_comm_pkg/build --no-deps symlink_data
