running egg_info
creating ../../build/lidar_pkg/lidar_pkg.egg-info
writing ../../build/lidar_pkg/lidar_pkg.egg-info/PKG-INFO
writing dependency_links to ../../build/lidar_pkg/lidar_pkg.egg-info/dependency_links.txt
writing requirements to ../../build/lidar_pkg/lidar_pkg.egg-info/requires.txt
writing top-level names to ../../build/lidar_pkg/lidar_pkg.egg-info/top_level.txt
writing manifest file '../../build/lidar_pkg/lidar_pkg.egg-info/SOURCES.txt'
reading manifest file '../../build/lidar_pkg/lidar_pkg.egg-info/SOURCES.txt'
writing manifest file '../../build/lidar_pkg/lidar_pkg.egg-info/SOURCES.txt'
running build
running build_py
creating /data2/Brinda/Documents/Reports/ROS2/my_ros2_workspace/build/lidar_pkg/build/lib/lidar_pkg
copying lidar_pkg/__init__.py -> /data2/Brinda/Documents/Reports/ROS2/my_ros2_workspace/build/lidar_pkg/build/lib/lidar_pkg
running install
running install_lib
creating /data2/Brinda/Documents/Reports/ROS2/my_ros2_workspace/install/lidar_pkg/lib/python3.10/site-packages/lidar_pkg
copying /data2/Brinda/Documents/Reports/ROS2/my_ros2_workspace/build/lidar_pkg/build/lib/lidar_pkg/__init__.py -> /data2/Brinda/Documents/Reports/ROS2/my_ros2_workspace/install/lidar_pkg/lib/python3.10/site-packages/lidar_pkg
byte-compiling /data2/Brinda/Documents/Reports/ROS2/my_ros2_workspace/install/lidar_pkg/lib/python3.10/site-packages/lidar_pkg/__init__.py to __init__.cpython-310.pyc
running install_data
creating /data2/Brinda/Documents/Reports/ROS2/my_ros2_workspace/install/lidar_pkg/share/ament_index/resource_index/packages
copying resource/lidar_pkg -> /data2/Brinda/Documents/Reports/ROS2/my_ros2_workspace/install/lidar_pkg/share/ament_index/resource_index/packages
copying package.xml -> /data2/Brinda/Documents/Reports/ROS2/my_ros2_workspace/install/lidar_pkg/share/lidar_pkg
running install_egg_info
Copying ../../build/lidar_pkg/lidar_pkg.egg-info to /data2/Brinda/Documents/Reports/ROS2/my_ros2_workspace/install/lidar_pkg/lib/python3.10/site-packages/lidar_pkg-0.0.0-py3.10.egg-info
running install_scripts
writing list of installed files to '/data2/Brinda/Documents/Reports/ROS2/my_ros2_workspace/build/lidar_pkg/install.log'
