[1.886s] Invoking command in '/data2/Brinda/Documents/Reports/ROS2/my_ros2_workspace/src/lidar_pkg': CONDA_PROMPT_MODIFIER=(cv) PYTHONPATH=/data2/Brinda/Documents/Reports/ROS2/my_ros2_workspace/build/lidar_pkg/prefix_override:/usr/lib/python3/dist-packages/colcon_core/task/python/colcon_distutils_commands:/data2/Brinda/Documents/Reports/ROS2/my_ros2_workspace/install/lidar_pkg/lib/python3.10/site-packages:${PYTHONPATH} /usr/bin/python3 -W ignore:setup.py install is deprecated -W ignore:easy_install command is deprecated setup.py egg_info --egg-base ../../build/lidar_pkg build --build-base /data2/Brinda/Documents/Reports/ROS2/my_ros2_workspace/build/lidar_pkg/build install --record /data2/Brinda/Documents/Reports/ROS2/my_ros2_workspace/build/lidar_pkg/install.log --single-version-externally-managed install_data
[2.180s] running egg_info
[2.202s] creating ../../build/lidar_pkg/lidar_pkg.egg-info
[2.202s] writing ../../build/lidar_pkg/lidar_pkg.egg-info/PKG-INFO
[2.204s] writing dependency_links to ../../build/lidar_pkg/lidar_pkg.egg-info/dependency_links.txt
[2.204s] writing requirements to ../../build/lidar_pkg/lidar_pkg.egg-info/requires.txt
[2.205s] writing top-level names to ../../build/lidar_pkg/lidar_pkg.egg-info/top_level.txt
[2.205s] writing manifest file '../../build/lidar_pkg/lidar_pkg.egg-info/SOURCES.txt'
[2.249s] reading manifest file '../../build/lidar_pkg/lidar_pkg.egg-info/SOURCES.txt'
[2.254s] writing manifest file '../../build/lidar_pkg/lidar_pkg.egg-info/SOURCES.txt'
[2.254s] running build
[2.255s] running build_py
[2.255s] creating /data2/Brinda/Documents/Reports/ROS2/my_ros2_workspace/build/lidar_pkg/build/lib/lidar_pkg
[2.256s] copying lidar_pkg/__init__.py -> /data2/Brinda/Documents/Reports/ROS2/my_ros2_workspace/build/lidar_pkg/build/lib/lidar_pkg
[2.257s] running install
[2.262s] running install_lib
[2.278s] creating /data2/Brinda/Documents/Reports/ROS2/my_ros2_workspace/install/lidar_pkg/lib/python3.10/site-packages/lidar_pkg
[2.278s] copying /data2/Brinda/Documents/Reports/ROS2/my_ros2_workspace/build/lidar_pkg/build/lib/lidar_pkg/__init__.py -> /data2/Brinda/Documents/Reports/ROS2/my_ros2_workspace/install/lidar_pkg/lib/python3.10/site-packages/lidar_pkg
[2.280s] byte-compiling /data2/Brinda/Documents/Reports/ROS2/my_ros2_workspace/install/lidar_pkg/lib/python3.10/site-packages/lidar_pkg/__init__.py to __init__.cpython-310.pyc
[2.281s] running install_data
[2.282s] creating /data2/Brinda/Documents/Reports/ROS2/my_ros2_workspace/install/lidar_pkg/share/ament_index/resource_index/packages
[2.284s] copying resource/lidar_pkg -> /data2/Brinda/Documents/Reports/ROS2/my_ros2_workspace/install/lidar_pkg/share/ament_index/resource_index/packages
[2.285s] copying package.xml -> /data2/Brinda/Documents/Reports/ROS2/my_ros2_workspace/install/lidar_pkg/share/lidar_pkg
[2.286s] running install_egg_info
[2.306s] Copying ../../build/lidar_pkg/lidar_pkg.egg-info to /data2/Brinda/Documents/Reports/ROS2/my_ros2_workspace/install/lidar_pkg/lib/python3.10/site-packages/lidar_pkg-0.0.0-py3.10.egg-info
[2.323s] running install_scripts
[2.361s] writing list of installed files to '/data2/Brinda/Documents/Reports/ROS2/my_ros2_workspace/build/lidar_pkg/install.log'
[2.393s] Invoked command in '/data2/Brinda/Documents/Reports/ROS2/my_ros2_workspace/src/lidar_pkg' returned '0': CONDA_PROMPT_MODIFIER=(cv) PYTHONPATH=/data2/Brinda/Documents/Reports/ROS2/my_ros2_workspace/build/lidar_pkg/prefix_override:/usr/lib/python3/dist-packages/colcon_core/task/python/colcon_distutils_commands:/data2/Brinda/Documents/Reports/ROS2/my_ros2_workspace/install/lidar_pkg/lib/python3.10/site-packages:${PYTHONPATH} /usr/bin/python3 -W ignore:setup.py install is deprecated -W ignore:easy_install command is deprecated setup.py egg_info --egg-base ../../build/lidar_pkg build --build-base /data2/Brinda/Documents/Reports/ROS2/my_ros2_workspace/build/lidar_pkg/build install --record /data2/Brinda/Documents/Reports/ROS2/my_ros2_workspace/build/lidar_pkg/install.log --single-version-externally-managed install_data
