[0.145s] Invoking command in '/data2/Brinda/Documents/Reports/ROS2/my_ros2_workspace/build/robot_interfaces': CMAKE_PREFIX_PATH=${CMAKE_PREFIX_PATH}:/data2/Brinda/Documents/Reports/ROS2/my_ros2_workspace/install/vision_pkg:/data2/Brinda/Documents/Reports/ROS2/my_ros2_workspace/install/robot_service_pkg:/data2/Brinda/Documents/Reports/ROS2/my_ros2_workspace/install/robot_action_pkg:/data2/Brinda/Documents/Reports/ROS2/my_ros2_workspace/install/robot_interfaces:/data2/Brinda/Documents/Reports/ROS2/my_ros2_workspace/install/robot_control_pkg:/data2/Brinda/Documents/Reports/ROS2/my_ros2_workspace/install/robot_comm_pkg:/data2/Brinda/Documents/Reports/ROS2/my_ros2_workspace/install/navigation_pkg:/data2/Brinda/Documents/Reports/ROS2/my_ros2_workspace/install/my_py_pkg:/data2/Brinda/Documents/Reports/ROS2/my_ros2_workspace/install/lidar_pkg:/data2/Brinda/Documents/Reports/ROS2/my_ros2_workspace/install/camera_pkg:/opt/ros/humble /usr/bin/cmake --build /data2/Brinda/Documents/Reports/ROS2/my_ros2_workspace/build/robot_interfaces -- -j16 -l16
[2.858s] [  3%] Built target robot_interfaces__cpp
[2.858s] [  6%] Built target robot_interfaces__rs
[2.859s] [ 15%] Built target robot_interfaces__rosidl_generator_c
[2.859s] [ 15%] Built target ament_cmake_python_symlink_robot_interfaces
[2.859s] [ 34%] Built target robot_interfaces__rosidl_typesupport_c
[2.859s] [ 53%] Built target robot_interfaces__rosidl_typesupport_fastrtps_c
[2.874s] [ 65%] Built target robot_interfaces__rosidl_typesupport_introspection_c
[2.874s] [ 71%] Built target robot_interfaces__rosidl_typesupport_cpp
[2.887s] [ 71%] Built target robot_interfaces__rosidl_typesupport_introspection_cpp
[2.887s] [ 71%] Built target robot_interfaces__rosidl_typesupport_fastrtps_cpp
[2.887s] [ 71%] Built target robot_interfaces
[2.889s] [ 75%] Built target robot_interfaces__py
[2.889s] [ 81%] Built target robot_interfaces__rosidl_generator_py
[2.889s] [ 87%] Built target robot_interfaces__rosidl_typesupport_fastrtps_c__pyext
[2.889s] [100%] Built target robot_interfaces__rosidl_typesupport_introspection_c__pyext
[2.889s] [100%] Built target robot_interfaces__rosidl_typesupport_c__pyext
[2.889s] running egg_info
[2.889s] writing robot_interfaces.egg-info/PKG-INFO
[2.889s] writing dependency_links to robot_interfaces.egg-info/dependency_links.txt
[2.889s] writing top-level names to robot_interfaces.egg-info/top_level.txt
[2.889s] reading manifest file 'robot_interfaces.egg-info/SOURCES.txt'
[2.889s] writing manifest file 'robot_interfaces.egg-info/SOURCES.txt'
[2.889s] [100%] Built target ament_cmake_python_build_robot_interfaces_egg
[2.891s] Invoked command in '/data2/Brinda/Documents/Reports/ROS2/my_ros2_workspace/build/robot_interfaces' returned '0': CMAKE_PREFIX_PATH=${CMAKE_PREFIX_PATH}:/data2/Brinda/Documents/Reports/ROS2/my_ros2_workspace/install/vision_pkg:/data2/Brinda/Documents/Reports/ROS2/my_ros2_workspace/install/robot_service_pkg:/data2/Brinda/Documents/Reports/ROS2/my_ros2_workspace/install/robot_action_pkg:/data2/Brinda/Documents/Reports/ROS2/my_ros2_workspace/install/robot_interfaces:/data2/Brinda/Documents/Reports/ROS2/my_ros2_workspace/install/robot_control_pkg:/data2/Brinda/Documents/Reports/ROS2/my_ros2_workspace/install/robot_comm_pkg:/data2/Brinda/Documents/Reports/ROS2/my_ros2_workspace/install/navigation_pkg:/data2/Brinda/Documents/Reports/ROS2/my_ros2_workspace/install/my_py_pkg:/data2/Brinda/Documents/Reports/ROS2/my_ros2_workspace/install/lidar_pkg:/data2/Brinda/Documents/Reports/ROS2/my_ros2_workspace/install/camera_pkg:/opt/ros/humble /usr/bin/cmake --build /data2/Brinda/Documents/Reports/ROS2/my_ros2_workspace/build/robot_interfaces -- -j16 -l16
[2.898s] Invoking command in '/data2/Brinda/Documents/Reports/ROS2/my_ros2_workspace/build/robot_interfaces': CMAKE_PREFIX_PATH=${CMAKE_PREFIX_PATH}:/data2/Brinda/Documents/Reports/ROS2/my_ros2_workspace/install/vision_pkg:/data2/Brinda/Documents/Reports/ROS2/my_ros2_workspace/install/robot_service_pkg:/data2/Brinda/Documents/Reports/ROS2/my_ros2_workspace/install/robot_action_pkg:/data2/Brinda/Documents/Reports/ROS2/my_ros2_workspace/install/robot_interfaces:/data2/Brinda/Documents/Reports/ROS2/my_ros2_workspace/install/robot_control_pkg:/data2/Brinda/Documents/Reports/ROS2/my_ros2_workspace/install/robot_comm_pkg:/data2/Brinda/Documents/Reports/ROS2/my_ros2_workspace/install/navigation_pkg:/data2/Brinda/Documents/Reports/ROS2/my_ros2_workspace/install/my_py_pkg:/data2/Brinda/Documents/Reports/ROS2/my_ros2_workspace/install/lidar_pkg:/data2/Brinda/Documents/Reports/ROS2/my_ros2_workspace/install/camera_pkg:/opt/ros/humble /usr/bin/cmake --install /data2/Brinda/Documents/Reports/ROS2/my_ros2_workspace/build/robot_interfaces
[3.483s] -- Install configuration: ""
[3.483s] -- Execute custom install script
[3.483s] -- Up-to-date symlink: /data2/Brinda/Documents/Reports/ROS2/my_ros2_workspace/install/robot_interfaces/share/ament_index/resource_index/rosidl_interfaces/robot_interfaces
[3.483s] -- Up-to-date symlink: /data2/Brinda/Documents/Reports/ROS2/my_ros2_workspace/install/robot_interfaces/include/robot_interfaces/robot_interfaces/action/detail/robot_task__functions.h
[3.483s] -- Up-to-date symlink: /data2/Brinda/Documents/Reports/ROS2/my_ros2_workspace/install/robot_interfaces/include/robot_interfaces/robot_interfaces/action/detail/robot_task__struct.h
[3.484s] -- Up-to-date symlink: /data2/Brinda/Documents/Reports/ROS2/my_ros2_workspace/install/robot_interfaces/include/robot_interfaces/robot_interfaces/action/detail/robot_task__type_support.h
[3.484s] -- Up-to-date symlink: /data2/Brinda/Documents/Reports/ROS2/my_ros2_workspace/install/robot_interfaces/include/robot_interfaces/robot_interfaces/action/robot_task.h
[3.484s] -- Up-to-date symlink: /data2/Brinda/Documents/Reports/ROS2/my_ros2_workspace/install/robot_interfaces/include/robot_interfaces/robot_interfaces/msg/rosidl_generator_c__visibility_control.h
[3.484s] -- Up-to-date symlink: /data2/Brinda/Documents/Reports/ROS2/my_ros2_workspace/install/robot_interfaces/share/robot_interfaces/environment/library_path.sh
[3.484s] -- Up-to-date symlink: /data2/Brinda/Documents/Reports/ROS2/my_ros2_workspace/install/robot_interfaces/share/robot_interfaces/environment/library_path.dsv
[3.484s] -- Up-to-date symlink: /data2/Brinda/Documents/Reports/ROS2/my_ros2_workspace/install/robot_interfaces/include/robot_interfaces/robot_interfaces/action/detail/robot_task__rosidl_typesupport_fastrtps_c.h
[3.484s] -- Up-to-date symlink: /data2/Brinda/Documents/Reports/ROS2/my_ros2_workspace/install/robot_interfaces/include/robot_interfaces/robot_interfaces/msg/rosidl_typesupport_fastrtps_c__visibility_control.h
[3.485s] -- Up-to-date symlink: /data2/Brinda/Documents/Reports/ROS2/my_ros2_workspace/install/robot_interfaces/include/robot_interfaces/robot_interfaces/action/detail/robot_task__rosidl_typesupport_introspection_c.h
[3.485s] -- Up-to-date symlink: /data2/Brinda/Documents/Reports/ROS2/my_ros2_workspace/install/robot_interfaces/include/robot_interfaces/robot_interfaces/msg/rosidl_typesupport_introspection_c__visibility_control.h
[3.485s] -- Up-to-date symlink: /data2/Brinda/Documents/Reports/ROS2/my_ros2_workspace/install/robot_interfaces/include/robot_interfaces/robot_interfaces/action/detail/robot_task__builder.hpp
[3.485s] -- Up-to-date symlink: /data2/Brinda/Documents/Reports/ROS2/my_ros2_workspace/install/robot_interfaces/include/robot_interfaces/robot_interfaces/action/detail/robot_task__struct.hpp
[3.485s] -- Up-to-date symlink: /data2/Brinda/Documents/Reports/ROS2/my_ros2_workspace/install/robot_interfaces/include/robot_interfaces/robot_interfaces/action/detail/robot_task__traits.hpp
[3.485s] -- Up-to-date symlink: /data2/Brinda/Documents/Reports/ROS2/my_ros2_workspace/install/robot_interfaces/include/robot_interfaces/robot_interfaces/action/detail/robot_task__type_support.hpp
[3.485s] -- Up-to-date symlink: /data2/Brinda/Documents/Reports/ROS2/my_ros2_workspace/install/robot_interfaces/include/robot_interfaces/robot_interfaces/action/robot_task.hpp
[3.511s] -- Up-to-date symlink: /data2/Brinda/Documents/Reports/ROS2/my_ros2_workspace/install/robot_interfaces/include/robot_interfaces/robot_interfaces/msg/rosidl_generator_cpp__visibility_control.hpp
[3.511s] -- Up-to-date symlink: /data2/Brinda/Documents/Reports/ROS2/my_ros2_workspace/install/robot_interfaces/include/robot_interfaces/robot_interfaces/action/detail/robot_task__rosidl_typesupport_fastrtps_cpp.hpp
[3.511s] -- Up-to-date symlink: /data2/Brinda/Documents/Reports/ROS2/my_ros2_workspace/install/robot_interfaces/include/robot_interfaces/robot_interfaces/msg/rosidl_typesupport_fastrtps_cpp__visibility_control.h
[3.512s] -- Up-to-date symlink: /data2/Brinda/Documents/Reports/ROS2/my_ros2_workspace/install/robot_interfaces/include/robot_interfaces/robot_interfaces/action/detail/robot_task__rosidl_typesupport_introspection_cpp.hpp
[3.512s] -- Up-to-date symlink: /data2/Brinda/Documents/Reports/ROS2/my_ros2_workspace/install/robot_interfaces/share/robot_interfaces/environment/pythonpath.sh
[3.512s] -- Up-to-date symlink: /data2/Brinda/Documents/Reports/ROS2/my_ros2_workspace/install/robot_interfaces/share/robot_interfaces/environment/pythonpath.dsv
[3.512s] -- Up-to-date symlink: /data2/Brinda/Documents/Reports/ROS2/my_ros2_workspace/install/robot_interfaces/local/lib/python3.10/dist-packages/robot_interfaces-0.0.0-py3.10.egg-info/PKG-INFO
[3.512s] -- Up-to-date symlink: /data2/Brinda/Documents/Reports/ROS2/my_ros2_workspace/install/robot_interfaces/local/lib/python3.10/dist-packages/robot_interfaces-0.0.0-py3.10.egg-info/SOURCES.txt
[3.512s] -- Up-to-date symlink: /data2/Brinda/Documents/Reports/ROS2/my_ros2_workspace/install/robot_interfaces/local/lib/python3.10/dist-packages/robot_interfaces-0.0.0-py3.10.egg-info/dependency_links.txt
[3.512s] -- Up-to-date symlink: /data2/Brinda/Documents/Reports/ROS2/my_ros2_workspace/install/robot_interfaces/local/lib/python3.10/dist-packages/robot_interfaces-0.0.0-py3.10.egg-info/top_level.txt
[3.512s] -- Up-to-date symlink: /data2/Brinda/Documents/Reports/ROS2/my_ros2_workspace/install/robot_interfaces/local/lib/python3.10/dist-packages/robot_interfaces/__init__.py
[3.512s] -- Up-to-date symlink: /data2/Brinda/Documents/Reports/ROS2/my_ros2_workspace/install/robot_interfaces/local/lib/python3.10/dist-packages/robot_interfaces/_robot_interfaces_s.ep.rosidl_typesupport_c.c
[3.512s] -- Up-to-date symlink: /data2/Brinda/Documents/Reports/ROS2/my_ros2_workspace/install/robot_interfaces/local/lib/python3.10/dist-packages/robot_interfaces/_robot_interfaces_s.ep.rosidl_typesupport_fastrtps_c.c
[3.512s] -- Up-to-date symlink: /data2/Brinda/Documents/Reports/ROS2/my_ros2_workspace/install/robot_interfaces/local/lib/python3.10/dist-packages/robot_interfaces/_robot_interfaces_s.ep.rosidl_typesupport_introspection_c.c
[3.512s] -- Up-to-date symlink: /data2/Brinda/Documents/Reports/ROS2/my_ros2_workspace/install/robot_interfaces/local/lib/python3.10/dist-packages/robot_interfaces/action/__init__.py
[3.520s] -- Up-to-date symlink: /data2/Brinda/Documents/Reports/ROS2/my_ros2_workspace/install/robot_interfaces/local/lib/python3.10/dist-packages/robot_interfaces/action/_robot_task.py
[3.520s] -- Up-to-date symlink: /data2/Brinda/Documents/Reports/ROS2/my_ros2_workspace/install/robot_interfaces/local/lib/python3.10/dist-packages/robot_interfaces/action/_robot_task_s.c
[3.520s] -- Up-to-date symlink: /data2/Brinda/Documents/Reports/ROS2/my_ros2_workspace/install/robot_interfaces/local/lib/python3.10/dist-packages/robot_interfaces/librobot_interfaces__rosidl_generator_py.so
[3.520s] -- Up-to-date symlink: /data2/Brinda/Documents/Reports/ROS2/my_ros2_workspace/install/robot_interfaces/local/lib/python3.10/dist-packages/robot_interfaces/robot_interfaces_s__rosidl_typesupport_c.cpython-310-x86_64-linux-gnu.so
[3.532s] -- Up-to-date symlink: /data2/Brinda/Documents/Reports/ROS2/my_ros2_workspace/install/robot_interfaces/local/lib/python3.10/dist-packages/robot_interfaces/robot_interfaces_s__rosidl_typesupport_fastrtps_c.cpython-310-x86_64-linux-gnu.so
[3.532s] -- Up-to-date symlink: /data2/Brinda/Documents/Reports/ROS2/my_ros2_workspace/install/robot_interfaces/local/lib/python3.10/dist-packages/robot_interfaces/robot_interfaces_s__rosidl_typesupport_introspection_c.cpython-310-x86_64-linux-gnu.so
[3.532s] -- Up-to-date symlink: /data2/Brinda/Documents/Reports/ROS2/my_ros2_workspace/install/robot_interfaces/local/lib/python3.10/dist-packages/robot_interfaces/robot_interfaces_s__rosidl_typesupport_fastrtps_c.cpython-310-x86_64-linux-gnu.so
[3.532s] -- Up-to-date symlink: /data2/Brinda/Documents/Reports/ROS2/my_ros2_workspace/install/robot_interfaces/local/lib/python3.10/dist-packages/robot_interfaces/robot_interfaces_s__rosidl_typesupport_introspection_c.cpython-310-x86_64-linux-gnu.so
[3.532s] -- Up-to-date symlink: /data2/Brinda/Documents/Reports/ROS2/my_ros2_workspace/install/robot_interfaces/local/lib/python3.10/dist-packages/robot_interfaces/robot_interfaces_s__rosidl_typesupport_c.cpython-310-x86_64-linux-gnu.so
[3.532s] -- Up-to-date symlink: /data2/Brinda/Documents/Reports/ROS2/my_ros2_workspace/install/robot_interfaces/share/ament_index/resource_index/rust_packages/robot_interfaces
[3.533s] -- Up-to-date symlink: /data2/Brinda/Documents/Reports/ROS2/my_ros2_workspace/install/robot_interfaces/share/robot_interfaces/rust/Cargo.toml
[3.533s] -- Up-to-date symlink: /data2/Brinda/Documents/Reports/ROS2/my_ros2_workspace/install/robot_interfaces/share/robot_interfaces/rust/build.rs
[3.533s] -- Up-to-date symlink: /data2/Brinda/Documents/Reports/ROS2/my_ros2_workspace/install/robot_interfaces/share/robot_interfaces/rust/src/action.rs
[3.533s] -- Up-to-date symlink: /data2/Brinda/Documents/Reports/ROS2/my_ros2_workspace/install/robot_interfaces/share/robot_interfaces/rust/src/action/rmw.rs
[3.533s] -- Up-to-date symlink: /data2/Brinda/Documents/Reports/ROS2/my_ros2_workspace/install/robot_interfaces/share/robot_interfaces/rust/src/lib.rs
[3.533s] -- Up-to-date symlink: /data2/Brinda/Documents/Reports/ROS2/my_ros2_workspace/install/robot_interfaces/share/robot_interfaces/action/RobotTask.idl
[3.534s] -- Up-to-date symlink: /data2/Brinda/Documents/Reports/ROS2/my_ros2_workspace/install/robot_interfaces/share/robot_interfaces/action/RobotTask.action
[3.534s] -- Up-to-date symlink: /data2/Brinda/Documents/Reports/ROS2/my_ros2_workspace/install/robot_interfaces/share/ament_index/resource_index/package_run_dependencies/robot_interfaces
[3.534s] -- Up-to-date symlink: /data2/Brinda/Documents/Reports/ROS2/my_ros2_workspace/install/robot_interfaces/share/ament_index/resource_index/parent_prefix_path/robot_interfaces
[3.534s] -- Up-to-date symlink: /data2/Brinda/Documents/Reports/ROS2/my_ros2_workspace/install/robot_interfaces/share/robot_interfaces/environment/ament_prefix_path.sh
[3.534s] -- Up-to-date symlink: /data2/Brinda/Documents/Reports/ROS2/my_ros2_workspace/install/robot_interfaces/share/robot_interfaces/environment/ament_prefix_path.dsv
[3.534s] -- Up-to-date symlink: /data2/Brinda/Documents/Reports/ROS2/my_ros2_workspace/install/robot_interfaces/share/robot_interfaces/environment/path.sh
[3.534s] -- Up-to-date symlink: /data2/Brinda/Documents/Reports/ROS2/my_ros2_workspace/install/robot_interfaces/share/robot_interfaces/environment/path.dsv
[3.534s] -- Up-to-date symlink: /data2/Brinda/Documents/Reports/ROS2/my_ros2_workspace/install/robot_interfaces/share/robot_interfaces/local_setup.bash
[3.534s] -- Up-to-date symlink: /data2/Brinda/Documents/Reports/ROS2/my_ros2_workspace/install/robot_interfaces/share/robot_interfaces/local_setup.sh
[3.534s] -- Up-to-date symlink: /data2/Brinda/Documents/Reports/ROS2/my_ros2_workspace/install/robot_interfaces/share/robot_interfaces/local_setup.zsh
[3.535s] -- Up-to-date symlink: /data2/Brinda/Documents/Reports/ROS2/my_ros2_workspace/install/robot_interfaces/share/robot_interfaces/local_setup.dsv
[3.535s] -- Up-to-date symlink: /data2/Brinda/Documents/Reports/ROS2/my_ros2_workspace/install/robot_interfaces/share/robot_interfaces/package.dsv
[3.535s] -- Up-to-date symlink: /data2/Brinda/Documents/Reports/ROS2/my_ros2_workspace/install/robot_interfaces/share/ament_index/resource_index/packages/robot_interfaces
[3.535s] -- Up-to-date symlink: /data2/Brinda/Documents/Reports/ROS2/my_ros2_workspace/install/robot_interfaces/share/robot_interfaces/cmake/rosidl_cmake-extras.cmake
[3.535s] -- Up-to-date symlink: /data2/Brinda/Documents/Reports/ROS2/my_ros2_workspace/install/robot_interfaces/share/robot_interfaces/cmake/ament_cmake_export_dependencies-extras.cmake
[3.535s] -- Up-to-date symlink: /data2/Brinda/Documents/Reports/ROS2/my_ros2_workspace/install/robot_interfaces/share/robot_interfaces/cmake/ament_cmake_export_include_directories-extras.cmake
[3.535s] -- Up-to-date symlink: /data2/Brinda/Documents/Reports/ROS2/my_ros2_workspace/install/robot_interfaces/share/robot_interfaces/cmake/ament_cmake_export_libraries-extras.cmake
[3.535s] -- Up-to-date symlink: /data2/Brinda/Documents/Reports/ROS2/my_ros2_workspace/install/robot_interfaces/share/robot_interfaces/cmake/ament_cmake_export_targets-extras.cmake
[3.535s] -- Up-to-date symlink: /data2/Brinda/Documents/Reports/ROS2/my_ros2_workspace/install/robot_interfaces/share/robot_interfaces/cmake/rosidl_cmake_export_typesupport_targets-extras.cmake
[3.538s] -- Up-to-date symlink: /data2/Brinda/Documents/Reports/ROS2/my_ros2_workspace/install/robot_interfaces/share/robot_interfaces/cmake/rosidl_cmake_export_typesupport_libraries-extras.cmake
[3.538s] -- Up-to-date symlink: /data2/Brinda/Documents/Reports/ROS2/my_ros2_workspace/install/robot_interfaces/share/robot_interfaces/cmake/robot_interfacesConfig.cmake
[3.538s] -- Up-to-date symlink: /data2/Brinda/Documents/Reports/ROS2/my_ros2_workspace/install/robot_interfaces/share/robot_interfaces/cmake/robot_interfacesConfig-version.cmake
[3.538s] -- Up-to-date symlink: /data2/Brinda/Documents/Reports/ROS2/my_ros2_workspace/install/robot_interfaces/share/robot_interfaces/package.xml
[3.538s] -- Up-to-date: /data2/Brinda/Documents/Reports/ROS2/my_ros2_workspace/install/robot_interfaces/lib/librobot_interfaces__rosidl_generator_c.so
[3.538s] -- Up-to-date: /data2/Brinda/Documents/Reports/ROS2/my_ros2_workspace/install/robot_interfaces/lib/librobot_interfaces__rosidl_typesupport_fastrtps_c.so
[3.539s] -- Up-to-date: /data2/Brinda/Documents/Reports/ROS2/my_ros2_workspace/install/robot_interfaces/lib/librobot_interfaces__rosidl_typesupport_introspection_c.so
[3.539s] -- Up-to-date: /data2/Brinda/Documents/Reports/ROS2/my_ros2_workspace/install/robot_interfaces/lib/librobot_interfaces__rosidl_typesupport_c.so
[3.539s] -- Up-to-date: /data2/Brinda/Documents/Reports/ROS2/my_ros2_workspace/install/robot_interfaces/lib/librobot_interfaces__rosidl_typesupport_fastrtps_cpp.so
[3.539s] -- Up-to-date: /data2/Brinda/Documents/Reports/ROS2/my_ros2_workspace/install/robot_interfaces/lib/librobot_interfaces__rosidl_typesupport_introspection_cpp.so
[3.539s] -- Up-to-date: /data2/Brinda/Documents/Reports/ROS2/my_ros2_workspace/install/robot_interfaces/lib/librobot_interfaces__rosidl_typesupport_cpp.so
[3.539s] Listing '/data2/Brinda/Documents/Reports/ROS2/my_ros2_workspace/install/robot_interfaces/local/lib/python3.10/dist-packages/robot_interfaces'...
[3.539s] Listing '/data2/Brinda/Documents/Reports/ROS2/my_ros2_workspace/install/robot_interfaces/local/lib/python3.10/dist-packages/robot_interfaces/action'...
[3.539s] -- Up-to-date: /data2/Brinda/Documents/Reports/ROS2/my_ros2_workspace/install/robot_interfaces/lib/librobot_interfaces__rosidl_generator_py.so
[3.539s] -- Up-to-date: /data2/Brinda/Documents/Reports/ROS2/my_ros2_workspace/install/robot_interfaces/share/robot_interfaces/cmake/export_robot_interfaces__rosidl_generator_cExport.cmake
[3.539s] -- Up-to-date: /data2/Brinda/Documents/Reports/ROS2/my_ros2_workspace/install/robot_interfaces/share/robot_interfaces/cmake/export_robot_interfaces__rosidl_generator_cExport-noconfig.cmake
[3.539s] -- Up-to-date: /data2/Brinda/Documents/Reports/ROS2/my_ros2_workspace/install/robot_interfaces/share/robot_interfaces/cmake/export_robot_interfaces__rosidl_typesupport_fastrtps_cExport.cmake
[3.540s] -- Up-to-date: /data2/Brinda/Documents/Reports/ROS2/my_ros2_workspace/install/robot_interfaces/share/robot_interfaces/cmake/export_robot_interfaces__rosidl_typesupport_fastrtps_cExport-noconfig.cmake
[3.540s] -- Up-to-date: /data2/Brinda/Documents/Reports/ROS2/my_ros2_workspace/install/robot_interfaces/share/robot_interfaces/cmake/robot_interfaces__rosidl_typesupport_introspection_cExport.cmake
[3.540s] -- Up-to-date: /data2/Brinda/Documents/Reports/ROS2/my_ros2_workspace/install/robot_interfaces/share/robot_interfaces/cmake/robot_interfaces__rosidl_typesupport_introspection_cExport-noconfig.cmake
[3.540s] -- Up-to-date: /data2/Brinda/Documents/Reports/ROS2/my_ros2_workspace/install/robot_interfaces/share/robot_interfaces/cmake/robot_interfaces__rosidl_typesupport_cExport.cmake
[3.540s] -- Up-to-date: /data2/Brinda/Documents/Reports/ROS2/my_ros2_workspace/install/robot_interfaces/share/robot_interfaces/cmake/robot_interfaces__rosidl_typesupport_cExport-noconfig.cmake
[3.540s] -- Up-to-date: /data2/Brinda/Documents/Reports/ROS2/my_ros2_workspace/install/robot_interfaces/share/robot_interfaces/cmake/export_robot_interfaces__rosidl_generator_cppExport.cmake
[3.540s] -- Up-to-date: /data2/Brinda/Documents/Reports/ROS2/my_ros2_workspace/install/robot_interfaces/share/robot_interfaces/cmake/export_robot_interfaces__rosidl_typesupport_fastrtps_cppExport.cmake
[3.540s] -- Up-to-date: /data2/Brinda/Documents/Reports/ROS2/my_ros2_workspace/install/robot_interfaces/share/robot_interfaces/cmake/export_robot_interfaces__rosidl_typesupport_fastrtps_cppExport-noconfig.cmake
[3.540s] -- Up-to-date: /data2/Brinda/Documents/Reports/ROS2/my_ros2_workspace/install/robot_interfaces/share/robot_interfaces/cmake/robot_interfaces__rosidl_typesupport_introspection_cppExport.cmake
[3.540s] -- Up-to-date: /data2/Brinda/Documents/Reports/ROS2/my_ros2_workspace/install/robot_interfaces/share/robot_interfaces/cmake/robot_interfaces__rosidl_typesupport_introspection_cppExport-noconfig.cmake
[3.540s] -- Up-to-date: /data2/Brinda/Documents/Reports/ROS2/my_ros2_workspace/install/robot_interfaces/share/robot_interfaces/cmake/robot_interfaces__rosidl_typesupport_cppExport.cmake
[3.541s] -- Up-to-date: /data2/Brinda/Documents/Reports/ROS2/my_ros2_workspace/install/robot_interfaces/share/robot_interfaces/cmake/robot_interfaces__rosidl_typesupport_cppExport-noconfig.cmake
[3.541s] -- Up-to-date: /data2/Brinda/Documents/Reports/ROS2/my_ros2_workspace/install/robot_interfaces/share/robot_interfaces/cmake/export_robot_interfaces__rosidl_generator_pyExport.cmake
[3.541s] -- Up-to-date: /data2/Brinda/Documents/Reports/ROS2/my_ros2_workspace/install/robot_interfaces/share/robot_interfaces/cmake/export_robot_interfaces__rosidl_generator_pyExport-noconfig.cmake
