[0.722s] Invoking command in '/data2/Brinda/Documents/Reports/ROS2/my_ros2_workspace/build/my_cpp_pkg': CMAKE_PREFIX_PATH=${CMAKE_PREFIX_PATH}:/data2/Brinda/Documents/Reports/ROS2/my_ros2_workspace/install/vision_pkg:/data2/Brinda/Documents/Reports/ROS2/my_ros2_workspace/install/robot_service_pkg:/data2/Brinda/Documents/Reports/ROS2/my_ros2_workspace/install/robot_action_pkg:/data2/Brinda/Documents/Reports/ROS2/my_ros2_workspace/install/robot_interfaces:/data2/Brinda/Documents/Reports/ROS2/my_ros2_workspace/install/robot_control_pkg:/data2/Brinda/Documents/Reports/ROS2/my_ros2_workspace/install/robot_comm_pkg:/data2/Brinda/Documents/Reports/ROS2/my_ros2_workspace/install/navigation_pkg:/data2/Brinda/Documents/Reports/ROS2/my_ros2_workspace/install/my_py_pkg:/data2/Brinda/Documents/Reports/ROS2/my_ros2_workspace/install/lidar_pkg:/data2/Brinda/Documents/Reports/ROS2/my_ros2_workspace/install/camera_pkg:/opt/ros/humble /usr/bin/cmake --build /data2/Brinda/Documents/Reports/ROS2/my_ros2_workspace/build/my_cpp_pkg -- -j16 -l16
[1.823s] [100%] Built target cpp_node
[1.833s] Invoked command in '/data2/Brinda/Documents/Reports/ROS2/my_ros2_workspace/build/my_cpp_pkg' returned '0': CMAKE_PREFIX_PATH=${CMAKE_PREFIX_PATH}:/data2/Brinda/Documents/Reports/ROS2/my_ros2_workspace/install/vision_pkg:/data2/Brinda/Documents/Reports/ROS2/my_ros2_workspace/install/robot_service_pkg:/data2/Brinda/Documents/Reports/ROS2/my_ros2_workspace/install/robot_action_pkg:/data2/Brinda/Documents/Reports/ROS2/my_ros2_workspace/install/robot_interfaces:/data2/Brinda/Documents/Reports/ROS2/my_ros2_workspace/install/robot_control_pkg:/data2/Brinda/Documents/Reports/ROS2/my_ros2_workspace/install/robot_comm_pkg:/data2/Brinda/Documents/Reports/ROS2/my_ros2_workspace/install/navigation_pkg:/data2/Brinda/Documents/Reports/ROS2/my_ros2_workspace/install/my_py_pkg:/data2/Brinda/Documents/Reports/ROS2/my_ros2_workspace/install/lidar_pkg:/data2/Brinda/Documents/Reports/ROS2/my_ros2_workspace/install/camera_pkg:/opt/ros/humble /usr/bin/cmake --build /data2/Brinda/Documents/Reports/ROS2/my_ros2_workspace/build/my_cpp_pkg -- -j16 -l16
[1.834s] Invoking command in '/data2/Brinda/Documents/Reports/ROS2/my_ros2_workspace/build/my_cpp_pkg': CMAKE_PREFIX_PATH=${CMAKE_PREFIX_PATH}:/data2/Brinda/Documents/Reports/ROS2/my_ros2_workspace/install/vision_pkg:/data2/Brinda/Documents/Reports/ROS2/my_ros2_workspace/install/robot_service_pkg:/data2/Brinda/Documents/Reports/ROS2/my_ros2_workspace/install/robot_action_pkg:/data2/Brinda/Documents/Reports/ROS2/my_ros2_workspace/install/robot_interfaces:/data2/Brinda/Documents/Reports/ROS2/my_ros2_workspace/install/robot_control_pkg:/data2/Brinda/Documents/Reports/ROS2/my_ros2_workspace/install/robot_comm_pkg:/data2/Brinda/Documents/Reports/ROS2/my_ros2_workspace/install/navigation_pkg:/data2/Brinda/Documents/Reports/ROS2/my_ros2_workspace/install/my_py_pkg:/data2/Brinda/Documents/Reports/ROS2/my_ros2_workspace/install/lidar_pkg:/data2/Brinda/Documents/Reports/ROS2/my_ros2_workspace/install/camera_pkg:/opt/ros/humble /usr/bin/cmake --install /data2/Brinda/Documents/Reports/ROS2/my_ros2_workspace/build/my_cpp_pkg
[2.109s] -- Install configuration: ""
[2.109s] -- Execute custom install script
[2.110s] -- Up-to-date symlink: /data2/Brinda/Documents/Reports/ROS2/my_ros2_workspace/install/my_cpp_pkg/lib/my_cpp_pkg/cpp_node
[2.110s] -- Up-to-date symlink: /data2/Brinda/Documents/Reports/ROS2/my_ros2_workspace/install/my_cpp_pkg/share/ament_index/resource_index/package_run_dependencies/my_cpp_pkg
[2.110s] -- Up-to-date symlink: /data2/Brinda/Documents/Reports/ROS2/my_ros2_workspace/install/my_cpp_pkg/share/ament_index/resource_index/parent_prefix_path/my_cpp_pkg
[2.111s] -- Up-to-date symlink: /data2/Brinda/Documents/Reports/ROS2/my_ros2_workspace/install/my_cpp_pkg/share/my_cpp_pkg/environment/ament_prefix_path.sh
[2.111s] -- Up-to-date symlink: /data2/Brinda/Documents/Reports/ROS2/my_ros2_workspace/install/my_cpp_pkg/share/my_cpp_pkg/environment/ament_prefix_path.dsv
[2.111s] -- Up-to-date symlink: /data2/Brinda/Documents/Reports/ROS2/my_ros2_workspace/install/my_cpp_pkg/share/my_cpp_pkg/environment/path.sh
[2.111s] -- Up-to-date symlink: /data2/Brinda/Documents/Reports/ROS2/my_ros2_workspace/install/my_cpp_pkg/share/my_cpp_pkg/environment/path.dsv
[2.111s] -- Up-to-date symlink: /data2/Brinda/Documents/Reports/ROS2/my_ros2_workspace/install/my_cpp_pkg/share/my_cpp_pkg/local_setup.bash
[2.112s] -- Up-to-date symlink: /data2/Brinda/Documents/Reports/ROS2/my_ros2_workspace/install/my_cpp_pkg/share/my_cpp_pkg/local_setup.sh
[2.112s] -- Up-to-date symlink: /data2/Brinda/Documents/Reports/ROS2/my_ros2_workspace/install/my_cpp_pkg/share/my_cpp_pkg/local_setup.zsh
[2.112s] -- Up-to-date symlink: /data2/Brinda/Documents/Reports/ROS2/my_ros2_workspace/install/my_cpp_pkg/share/my_cpp_pkg/local_setup.dsv
[2.112s] -- Symlinking: /data2/Brinda/Documents/Reports/ROS2/my_ros2_workspace/install/my_cpp_pkg/share/my_cpp_pkg/package.dsv
[2.113s] -- Up-to-date symlink: /data2/Brinda/Documents/Reports/ROS2/my_ros2_workspace/install/my_cpp_pkg/share/ament_index/resource_index/packages/my_cpp_pkg
[2.113s] -- Up-to-date symlink: /data2/Brinda/Documents/Reports/ROS2/my_ros2_workspace/install/my_cpp_pkg/share/my_cpp_pkg/cmake/my_cpp_pkgConfig.cmake
[2.113s] -- Up-to-date symlink: /data2/Brinda/Documents/Reports/ROS2/my_ros2_workspace/install/my_cpp_pkg/share/my_cpp_pkg/cmake/my_cpp_pkgConfig-version.cmake
[2.113s] -- Up-to-date symlink: /data2/Brinda/Documents/Reports/ROS2/my_ros2_workspace/install/my_cpp_pkg/share/my_cpp_pkg/package.xml
[2.136s] Invoked command in '/data2/Brinda/Documents/Reports/ROS2/my_ros2_workspace/build/my_cpp_pkg' returned '0': CMAKE_PREFIX_PATH=${CMAKE_PREFIX_PATH}:/data2/Brinda/Documents/Reports/ROS2/my_ros2_workspace/install/vision_pkg:/data2/Brinda/Documents/Reports/ROS2/my_ros2_workspace/install/robot_service_pkg:/data2/Brinda/Documents/Reports/ROS2/my_ros2_workspace/install/robot_action_pkg:/data2/Brinda/Documents/Reports/ROS2/my_ros2_workspace/install/robot_interfaces:/data2/Brinda/Documents/Reports/ROS2/my_ros2_workspace/install/robot_control_pkg:/data2/Brinda/Documents/Reports/ROS2/my_ros2_workspace/install/robot_comm_pkg:/data2/Brinda/Documents/Reports/ROS2/my_ros2_workspace/install/navigation_pkg:/data2/Brinda/Documents/Reports/ROS2/my_ros2_workspace/install/my_py_pkg:/data2/Brinda/Documents/Reports/ROS2/my_ros2_workspace/install/lidar_pkg:/data2/Brinda/Documents/Reports/ROS2/my_ros2_workspace/install/camera_pkg:/opt/ros/humble /usr/bin/cmake --install /data2/Brinda/Documents/Reports/ROS2/my_ros2_workspace/build/my_cpp_pkg
