[0.513s] Invoking command in '/data2/Brinda/Documents/Reports/ROS2/my_ros2_workspace/src/robot_action_pkg': CONDA_PROMPT_MODIFIER=(cv) PYTHONPATH=/data2/Brinda/Documents/Reports/ROS2/my_ros2_workspace/build/robot_action_pkg/prefix_override:/usr/lib/python3/dist-packages/colcon_core/task/python/colcon_distutils_commands:/data2/Brinda/Documents/Reports/ROS2/my_ros2_workspace/install/robot_action_pkg/lib/python3.10/site-packages:${PYTHONPATH} /usr/bin/python3 -W ignore:setup.py install is deprecated -W ignore:easy_install command is deprecated setup.py egg_info --egg-base ../../build/robot_action_pkg build --build-base /data2/Brinda/Documents/Reports/ROS2/my_ros2_workspace/build/robot_action_pkg/build install --record /data2/Brinda/Documents/Reports/ROS2/my_ros2_workspace/build/robot_action_pkg/install.log --single-version-externally-managed install_data
[0.703s] running egg_info
[0.714s] creating ../../build/robot_action_pkg/robot_action_pkg.egg-info
[0.714s] writing ../../build/robot_action_pkg/robot_action_pkg.egg-info/PKG-INFO
[0.715s] writing dependency_links to ../../build/robot_action_pkg/robot_action_pkg.egg-info/dependency_links.txt
[0.715s] writing entry points to ../../build/robot_action_pkg/robot_action_pkg.egg-info/entry_points.txt
[0.715s] writing requirements to ../../build/robot_action_pkg/robot_action_pkg.egg-info/requires.txt
[0.715s] writing top-level names to ../../build/robot_action_pkg/robot_action_pkg.egg-info/top_level.txt
[0.716s] writing manifest file '../../build/robot_action_pkg/robot_action_pkg.egg-info/SOURCES.txt'
[0.741s] reading manifest file '../../build/robot_action_pkg/robot_action_pkg.egg-info/SOURCES.txt'
[0.743s] writing manifest file '../../build/robot_action_pkg/robot_action_pkg.egg-info/SOURCES.txt'
[0.743s] running build
[0.743s] running build_py
[0.743s] creating /data2/Brinda/Documents/Reports/ROS2/my_ros2_workspace/build/robot_action_pkg/build/lib/robot_action_pkg
[0.743s] copying robot_action_pkg/robot_client.py -> /data2/Brinda/Documents/Reports/ROS2/my_ros2_workspace/build/robot_action_pkg/build/lib/robot_action_pkg
[0.744s] copying robot_action_pkg/robot_server.py -> /data2/Brinda/Documents/Reports/ROS2/my_ros2_workspace/build/robot_action_pkg/build/lib/robot_action_pkg
[0.744s] copying robot_action_pkg/__init__.py -> /data2/Brinda/Documents/Reports/ROS2/my_ros2_workspace/build/robot_action_pkg/build/lib/robot_action_pkg
[0.745s] running install
[0.747s] running install_lib
[0.760s] creating /data2/Brinda/Documents/Reports/ROS2/my_ros2_workspace/install/robot_action_pkg/lib/python3.10/site-packages/robot_action_pkg
[0.760s] copying /data2/Brinda/Documents/Reports/ROS2/my_ros2_workspace/build/robot_action_pkg/build/lib/robot_action_pkg/robot_client.py -> /data2/Brinda/Documents/Reports/ROS2/my_ros2_workspace/install/robot_action_pkg/lib/python3.10/site-packages/robot_action_pkg
[0.761s] copying /data2/Brinda/Documents/Reports/ROS2/my_ros2_workspace/build/robot_action_pkg/build/lib/robot_action_pkg/robot_server.py -> /data2/Brinda/Documents/Reports/ROS2/my_ros2_workspace/install/robot_action_pkg/lib/python3.10/site-packages/robot_action_pkg
[0.762s] copying /data2/Brinda/Documents/Reports/ROS2/my_ros2_workspace/build/robot_action_pkg/build/lib/robot_action_pkg/__init__.py -> /data2/Brinda/Documents/Reports/ROS2/my_ros2_workspace/install/robot_action_pkg/lib/python3.10/site-packages/robot_action_pkg
[0.763s] byte-compiling /data2/Brinda/Documents/Reports/ROS2/my_ros2_workspace/install/robot_action_pkg/lib/python3.10/site-packages/robot_action_pkg/robot_client.py to robot_client.cpython-310.pyc
[0.764s] byte-compiling /data2/Brinda/Documents/Reports/ROS2/my_ros2_workspace/install/robot_action_pkg/lib/python3.10/site-packages/robot_action_pkg/robot_server.py to robot_server.cpython-310.pyc
[0.765s] byte-compiling /data2/Brinda/Documents/Reports/ROS2/my_ros2_workspace/install/robot_action_pkg/lib/python3.10/site-packages/robot_action_pkg/__init__.py to __init__.cpython-310.pyc
[0.766s] running install_data
[0.766s] creating /data2/Brinda/Documents/Reports/ROS2/my_ros2_workspace/install/robot_action_pkg/share/ament_index/resource_index/packages
[0.767s] copying resource/robot_action_pkg -> /data2/Brinda/Documents/Reports/ROS2/my_ros2_workspace/install/robot_action_pkg/share/ament_index/resource_index/packages
[0.767s] copying package.xml -> /data2/Brinda/Documents/Reports/ROS2/my_ros2_workspace/install/robot_action_pkg/share/robot_action_pkg
[0.768s] running install_egg_info
[0.781s] Copying ../../build/robot_action_pkg/robot_action_pkg.egg-info to /data2/Brinda/Documents/Reports/ROS2/my_ros2_workspace/install/robot_action_pkg/lib/python3.10/site-packages/robot_action_pkg-0.0.0-py3.10.egg-info
[0.788s] running install_scripts
[0.814s] Installing robot_client script to /data2/Brinda/Documents/Reports/ROS2/my_ros2_workspace/install/robot_action_pkg/lib/robot_action_pkg
[0.814s] Installing robot_server script to /data2/Brinda/Documents/Reports/ROS2/my_ros2_workspace/install/robot_action_pkg/lib/robot_action_pkg
[0.815s] writing list of installed files to '/data2/Brinda/Documents/Reports/ROS2/my_ros2_workspace/build/robot_action_pkg/install.log'
[0.827s] Invoked command in '/data2/Brinda/Documents/Reports/ROS2/my_ros2_workspace/src/robot_action_pkg' returned '0': CONDA_PROMPT_MODIFIER=(cv) PYTHONPATH=/data2/Brinda/Documents/Reports/ROS2/my_ros2_workspace/build/robot_action_pkg/prefix_override:/usr/lib/python3/dist-packages/colcon_core/task/python/colcon_distutils_commands:/data2/Brinda/Documents/Reports/ROS2/my_ros2_workspace/install/robot_action_pkg/lib/python3.10/site-packages:${PYTHONPATH} /usr/bin/python3 -W ignore:setup.py install is deprecated -W ignore:easy_install command is deprecated setup.py egg_info --egg-base ../../build/robot_action_pkg build --build-base /data2/Brinda/Documents/Reports/ROS2/my_ros2_workspace/build/robot_action_pkg/build install --record /data2/Brinda/Documents/Reports/ROS2/my_ros2_workspace/build/robot_action_pkg/install.log --single-version-externally-managed install_data
