[1.888s] Invoking command in '/data2/Brinda/Documents/Reports/ROS2/my_ros2_workspace/src/vision_pkg': CONDA_PROMPT_MODIFIER=(cv) PYTHONPATH=/data2/Brinda/Documents/Reports/ROS2/my_ros2_workspace/build/vision_pkg/prefix_override:/usr/lib/python3/dist-packages/colcon_core/task/python/colcon_distutils_commands:/data2/Brinda/Documents/Reports/ROS2/my_ros2_workspace/install/vision_pkg/lib/python3.10/site-packages:${PYTHONPATH} /usr/bin/python3 -W ignore:setup.py install is deprecated -W ignore:easy_install command is deprecated setup.py egg_info --egg-base ../../build/vision_pkg build --build-base /data2/Brinda/Documents/Reports/ROS2/my_ros2_workspace/build/vision_pkg/build install --record /data2/Brinda/Documents/Reports/ROS2/my_ros2_workspace/build/vision_pkg/install.log --single-version-externally-managed install_data
[2.191s] running egg_info
[2.206s] creating ../../build/vision_pkg/vision_pkg.egg-info
[2.206s] writing ../../build/vision_pkg/vision_pkg.egg-info/PKG-INFO
[2.209s] writing dependency_links to ../../build/vision_pkg/vision_pkg.egg-info/dependency_links.txt
[2.210s] writing requirements to ../../build/vision_pkg/vision_pkg.egg-info/requires.txt
[2.210s] writing top-level names to ../../build/vision_pkg/vision_pkg.egg-info/top_level.txt
[2.211s] writing manifest file '../../build/vision_pkg/vision_pkg.egg-info/SOURCES.txt'
[2.246s] reading manifest file '../../build/vision_pkg/vision_pkg.egg-info/SOURCES.txt'
[2.251s] writing manifest file '../../build/vision_pkg/vision_pkg.egg-info/SOURCES.txt'
[2.251s] running build
[2.251s] running build_py
[2.252s] creating /data2/Brinda/Documents/Reports/ROS2/my_ros2_workspace/build/vision_pkg/build/lib/vision_pkg
[2.253s] copying vision_pkg/__init__.py -> /data2/Brinda/Documents/Reports/ROS2/my_ros2_workspace/build/vision_pkg/build/lib/vision_pkg
[2.254s] running install
[2.258s] running install_lib
[2.275s] creating /data2/Brinda/Documents/Reports/ROS2/my_ros2_workspace/install/vision_pkg/lib/python3.10/site-packages/vision_pkg
[2.277s] copying /data2/Brinda/Documents/Reports/ROS2/my_ros2_workspace/build/vision_pkg/build/lib/vision_pkg/__init__.py -> /data2/Brinda/Documents/Reports/ROS2/my_ros2_workspace/install/vision_pkg/lib/python3.10/site-packages/vision_pkg
[2.281s] byte-compiling /data2/Brinda/Documents/Reports/ROS2/my_ros2_workspace/install/vision_pkg/lib/python3.10/site-packages/vision_pkg/__init__.py to __init__.cpython-310.pyc
[2.284s] running install_data
[2.285s] creating /data2/Brinda/Documents/Reports/ROS2/my_ros2_workspace/install/vision_pkg/share/ament_index/resource_index/packages
[2.286s] copying resource/vision_pkg -> /data2/Brinda/Documents/Reports/ROS2/my_ros2_workspace/install/vision_pkg/share/ament_index/resource_index/packages
[2.289s] copying package.xml -> /data2/Brinda/Documents/Reports/ROS2/my_ros2_workspace/install/vision_pkg/share/vision_pkg
[2.290s] running install_egg_info
[2.312s] Copying ../../build/vision_pkg/vision_pkg.egg-info to /data2/Brinda/Documents/Reports/ROS2/my_ros2_workspace/install/vision_pkg/lib/python3.10/site-packages/vision_pkg-0.0.0-py3.10.egg-info
[2.322s] running install_scripts
[2.359s] writing list of installed files to '/data2/Brinda/Documents/Reports/ROS2/my_ros2_workspace/build/vision_pkg/install.log'
[2.424s] Invoked command in '/data2/Brinda/Documents/Reports/ROS2/my_ros2_workspace/src/vision_pkg' returned '0': CONDA_PROMPT_MODIFIER=(cv) PYTHONPATH=/data2/Brinda/Documents/Reports/ROS2/my_ros2_workspace/build/vision_pkg/prefix_override:/usr/lib/python3/dist-packages/colcon_core/task/python/colcon_distutils_commands:/data2/Brinda/Documents/Reports/ROS2/my_ros2_workspace/install/vision_pkg/lib/python3.10/site-packages:${PYTHONPATH} /usr/bin/python3 -W ignore:setup.py install is deprecated -W ignore:easy_install command is deprecated setup.py egg_info --egg-base ../../build/vision_pkg build --build-base /data2/Brinda/Documents/Reports/ROS2/my_ros2_workspace/build/vision_pkg/build install --record /data2/Brinda/Documents/Reports/ROS2/my_ros2_workspace/build/vision_pkg/install.log --single-version-externally-managed install_data
