[1.881s] Invoking command in '/data2/Brinda/Documents/Reports/ROS2/my_ros2_workspace/src/robot_control_pkg': CONDA_PROMPT_MODIFIER=(cv) PYTHONPATH=/data2/Brinda/Documents/Reports/ROS2/my_ros2_workspace/build/robot_control_pkg/prefix_override:/usr/lib/python3/dist-packages/colcon_core/task/python/colcon_distutils_commands:/data2/Brinda/Documents/Reports/ROS2/my_ros2_workspace/install/robot_control_pkg/lib/python3.10/site-packages:${PYTHONPATH} /usr/bin/python3 -W ignore:setup.py install is deprecated -W ignore:easy_install command is deprecated setup.py egg_info --egg-base ../../build/robot_control_pkg build --build-base /data2/Brinda/Documents/Reports/ROS2/my_ros2_workspace/build/robot_control_pkg/build install --record /data2/Brinda/Documents/Reports/ROS2/my_ros2_workspace/build/robot_control_pkg/install.log --single-version-externally-managed install_data
[2.140s] running egg_info
[2.155s] creating ../../build/robot_control_pkg/robot_control_pkg.egg-info
[2.155s] writing ../../build/robot_control_pkg/robot_control_pkg.egg-info/PKG-INFO
[2.156s] writing dependency_links to ../../build/robot_control_pkg/robot_control_pkg.egg-info/dependency_links.txt
[2.157s] writing requirements to ../../build/robot_control_pkg/robot_control_pkg.egg-info/requires.txt
[2.157s] writing top-level names to ../../build/robot_control_pkg/robot_control_pkg.egg-info/top_level.txt
[2.158s] writing manifest file '../../build/robot_control_pkg/robot_control_pkg.egg-info/SOURCES.txt'
[2.191s] reading manifest file '../../build/robot_control_pkg/robot_control_pkg.egg-info/SOURCES.txt'
[2.193s] writing manifest file '../../build/robot_control_pkg/robot_control_pkg.egg-info/SOURCES.txt'
[2.193s] running build
[2.194s] running build_py
[2.194s] creating /data2/Brinda/Documents/Reports/ROS2/my_ros2_workspace/build/robot_control_pkg/build/lib/robot_control_pkg
[2.195s] copying robot_control_pkg/__init__.py -> /data2/Brinda/Documents/Reports/ROS2/my_ros2_workspace/build/robot_control_pkg/build/lib/robot_control_pkg
[2.196s] running install
[2.200s] running install_lib
[2.219s] creating /data2/Brinda/Documents/Reports/ROS2/my_ros2_workspace/install/robot_control_pkg/lib/python3.10/site-packages/robot_control_pkg
[2.220s] copying /data2/Brinda/Documents/Reports/ROS2/my_ros2_workspace/build/robot_control_pkg/build/lib/robot_control_pkg/__init__.py -> /data2/Brinda/Documents/Reports/ROS2/my_ros2_workspace/install/robot_control_pkg/lib/python3.10/site-packages/robot_control_pkg
[2.224s] byte-compiling /data2/Brinda/Documents/Reports/ROS2/my_ros2_workspace/install/robot_control_pkg/lib/python3.10/site-packages/robot_control_pkg/__init__.py to __init__.cpython-310.pyc
[2.227s] running install_data
[2.228s] creating /data2/Brinda/Documents/Reports/ROS2/my_ros2_workspace/install/robot_control_pkg/share/ament_index/resource_index/packages
[2.230s] copying resource/robot_control_pkg -> /data2/Brinda/Documents/Reports/ROS2/my_ros2_workspace/install/robot_control_pkg/share/ament_index/resource_index/packages
[2.233s] copying package.xml -> /data2/Brinda/Documents/Reports/ROS2/my_ros2_workspace/install/robot_control_pkg/share/robot_control_pkg
[2.233s] running install_egg_info
[2.253s] Copying ../../build/robot_control_pkg/robot_control_pkg.egg-info to /data2/Brinda/Documents/Reports/ROS2/my_ros2_workspace/install/robot_control_pkg/lib/python3.10/site-packages/robot_control_pkg-0.0.0-py3.10.egg-info
[2.267s] running install_scripts
[2.306s] writing list of installed files to '/data2/Brinda/Documents/Reports/ROS2/my_ros2_workspace/build/robot_control_pkg/install.log'
[2.330s] Invoked command in '/data2/Brinda/Documents/Reports/ROS2/my_ros2_workspace/src/robot_control_pkg' returned '0': CONDA_PROMPT_MODIFIER=(cv) PYTHONPATH=/data2/Brinda/Documents/Reports/ROS2/my_ros2_workspace/build/robot_control_pkg/prefix_override:/usr/lib/python3/dist-packages/colcon_core/task/python/colcon_distutils_commands:/data2/Brinda/Documents/Reports/ROS2/my_ros2_workspace/install/robot_control_pkg/lib/python3.10/site-packages:${PYTHONPATH} /usr/bin/python3 -W ignore:setup.py install is deprecated -W ignore:easy_install command is deprecated setup.py egg_info --egg-base ../../build/robot_control_pkg build --build-base /data2/Brinda/Documents/Reports/ROS2/my_ros2_workspace/build/robot_control_pkg/build install --record /data2/Brinda/Documents/Reports/ROS2/my_ros2_workspace/build/robot_control_pkg/install.log --single-version-externally-managed install_data
