[0.420s] DEBUG:colcon:Command line arguments: ['/usr/bin/colcon', 'build', '--packages-select', 'basic_gazebo_robot']
[0.420s] DEBUG:colcon:Parsed command line arguments: Namespace(log_base=None, log_level=None, verb_name='build', build_base='build', install_base='install', merge_install=False, symlink_install=False, test_result_base=None, continue_on_error=False, executor='parallel', parallel_workers=16, event_handlers=None, ignore_user_meta=False, metas=['./colcon.meta'], base_paths=['.'], packages_ignore=None, packages_ignore_regex=None, paths=None, packages_up_to=None, packages_up_to_regex=None, packages_above=None, packages_above_and_dependencies=None, packages_above_depth=None, packages_select_by_dep=None, packages_skip_by_dep=None, packages_skip_up_to=None, packages_select_build_failed=False, packages_skip_build_finished=False, packages_select_test_failures=False, packages_skip_test_passed=False, packages_select=['basic_gazebo_robot'], packages_skip=None, packages_select_regex=None, packages_skip_regex=None, packages_start=None, packages_end=None, allow_overriding=[], cmake_args=None, cmake_target=None, cmake_target_skip_unavailable=False, cmake_clean_cache=False, cmake_clean_first=False, cmake_force_configure=False, ament_cmake_args=None, catkin_cmake_args=None, catkin_skip_building_tests=False, mixin_files=None, mixin=None, verb_parser=<colcon_mixin.mixin.mixin_argument.MixinArgumentDecorator object at 0x7a0454e9e980>, verb_extension=<colcon_core.verb.build.BuildVerb object at 0x7a0454e9e410>, main=<bound method BuildVerb.main of <colcon_core.verb.build.BuildVerb object at 0x7a0454e9e410>>, mixin_verb=('build',))
[0.532s] Level 1:colcon.colcon_core.package_discovery:discover_packages(colcon_meta) check parameters
[0.533s] Level 1:colcon.colcon_core.package_discovery:discover_packages(recursive) check parameters
[0.533s] Level 1:colcon.colcon_core.package_discovery:discover_packages(ignore) check parameters
[0.533s] Level 1:colcon.colcon_core.package_discovery:discover_packages(path) check parameters
[0.533s] Level 1:colcon.colcon_core.package_discovery:discover_packages(colcon_meta) discover
[0.533s] Level 1:colcon.colcon_core.package_discovery:discover_packages(recursive) discover
[0.533s] INFO:colcon.colcon_core.package_discovery:Crawling recursively for packages in '/data2/Brinda/Documents/Reports/ROS2/my_ros2_workspace'
[0.533s] Level 1:colcon.colcon_core.package_identification:_identify(.) by extensions ['ignore', 'ignore_ament_install']
[0.533s] Level 1:colcon.colcon_core.package_identification:_identify(.) by extension 'ignore'
[0.533s] Level 1:colcon.colcon_core.package_identification:_identify(.) by extension 'ignore_ament_install'
[0.533s] Level 1:colcon.colcon_core.package_identification:_identify(.) by extensions ['colcon_pkg']
[0.533s] Level 1:colcon.colcon_core.package_identification:_identify(.) by extension 'colcon_pkg'
[0.533s] Level 1:colcon.colcon_core.package_identification:_identify(.) by extensions ['colcon_meta']
[0.533s] Level 1:colcon.colcon_core.package_identification:_identify(.) by extension 'colcon_meta'
[0.534s] Level 1:colcon.colcon_core.package_identification:_identify(.) by extensions ['ros']
[0.534s] Level 1:colcon.colcon_core.package_identification:_identify(.) by extension 'ros'
[0.559s] Level 1:colcon.colcon_core.package_identification:_identify(.) by extensions ['cmake', 'python']
[0.559s] Level 1:colcon.colcon_core.package_identification:_identify(.) by extension 'cmake'
[0.559s] Level 1:colcon.colcon_core.package_identification:_identify(.) by extension 'python'
[0.559s] Level 1:colcon.colcon_core.package_identification:_identify(.) by extensions ['python_setup_py']
[0.559s] Level 1:colcon.colcon_core.package_identification:_identify(.) by extension 'python_setup_py'
[0.560s] Level 1:colcon.colcon_core.package_identification:_identify(build) by extensions ['ignore', 'ignore_ament_install']
[0.560s] Level 1:colcon.colcon_core.package_identification:_identify(build) by extension 'ignore'
[0.560s] Level 1:colcon.colcon_core.package_identification:_identify(build) ignored
[0.560s] Level 1:colcon.colcon_core.package_identification:_identify(install) by extensions ['ignore', 'ignore_ament_install']
[0.560s] Level 1:colcon.colcon_core.package_identification:_identify(install) by extension 'ignore'
[0.560s] Level 1:colcon.colcon_core.package_identification:_identify(install) ignored
[0.560s] Level 1:colcon.colcon_core.package_identification:_identify(log) by extensions ['ignore', 'ignore_ament_install']
[0.560s] Level 1:colcon.colcon_core.package_identification:_identify(log) by extension 'ignore'
[0.560s] Level 1:colcon.colcon_core.package_identification:_identify(log) ignored
[0.561s] Level 1:colcon.colcon_core.package_identification:_identify(robot_comm_pkg) by extensions ['ignore', 'ignore_ament_install']
[0.561s] Level 1:colcon.colcon_core.package_identification:_identify(robot_comm_pkg) by extension 'ignore'
[0.561s] Level 1:colcon.colcon_core.package_identification:_identify(robot_comm_pkg) by extension 'ignore_ament_install'
[0.561s] Level 1:colcon.colcon_core.package_identification:_identify(robot_comm_pkg) by extensions ['colcon_pkg']
[0.561s] Level 1:colcon.colcon_core.package_identification:_identify(robot_comm_pkg) by extension 'colcon_pkg'
[0.561s] Level 1:colcon.colcon_core.package_identification:_identify(robot_comm_pkg) by extensions ['colcon_meta']
[0.561s] Level 1:colcon.colcon_core.package_identification:_identify(robot_comm_pkg) by extension 'colcon_meta'
[0.561s] Level 1:colcon.colcon_core.package_identification:_identify(robot_comm_pkg) by extensions ['ros']
[0.561s] Level 1:colcon.colcon_core.package_identification:_identify(robot_comm_pkg) by extension 'ros'
[0.571s] DEBUG:colcon.colcon_core.package_identification:Package 'robot_comm_pkg' with type 'ros.ament_python' and name 'robot_comm_pkg'
[0.571s] Level 1:colcon.colcon_core.package_identification:_identify(src) by extensions ['ignore', 'ignore_ament_install']
[0.571s] Level 1:colcon.colcon_core.package_identification:_identify(src) by extension 'ignore'
[0.571s] Level 1:colcon.colcon_core.package_identification:_identify(src) by extension 'ignore_ament_install'
[0.572s] Level 1:colcon.colcon_core.package_identification:_identify(src) by extensions ['colcon_pkg']
[0.572s] Level 1:colcon.colcon_core.package_identification:_identify(src) by extension 'colcon_pkg'
[0.572s] Level 1:colcon.colcon_core.package_identification:_identify(src) by extensions ['colcon_meta']
[0.572s] Level 1:colcon.colcon_core.package_identification:_identify(src) by extension 'colcon_meta'
[0.572s] Level 1:colcon.colcon_core.package_identification:_identify(src) by extensions ['ros']
[0.572s] Level 1:colcon.colcon_core.package_identification:_identify(src) by extension 'ros'
[0.572s] Level 1:colcon.colcon_core.package_identification:_identify(src) by extensions ['cmake', 'python']
[0.572s] Level 1:colcon.colcon_core.package_identification:_identify(src) by extension 'cmake'
[0.572s] Level 1:colcon.colcon_core.package_identification:_identify(src) by extension 'python'
[0.572s] Level 1:colcon.colcon_core.package_identification:_identify(src) by extensions ['python_setup_py']
[0.572s] Level 1:colcon.colcon_core.package_identification:_identify(src) by extension 'python_setup_py'
[0.573s] Level 1:colcon.colcon_core.package_identification:_identify(src/basic_gazebo_robot) by extensions ['ignore', 'ignore_ament_install']
[0.573s] Level 1:colcon.colcon_core.package_identification:_identify(src/basic_gazebo_robot) by extension 'ignore'
[0.573s] Level 1:colcon.colcon_core.package_identification:_identify(src/basic_gazebo_robot) by extension 'ignore_ament_install'
[0.573s] Level 1:colcon.colcon_core.package_identification:_identify(src/basic_gazebo_robot) by extensions ['colcon_pkg']
[0.573s] Level 1:colcon.colcon_core.package_identification:_identify(src/basic_gazebo_robot) by extension 'colcon_pkg'
[0.573s] Level 1:colcon.colcon_core.package_identification:_identify(src/basic_gazebo_robot) by extensions ['colcon_meta']
[0.573s] Level 1:colcon.colcon_core.package_identification:_identify(src/basic_gazebo_robot) by extension 'colcon_meta'
[0.573s] Level 1:colcon.colcon_core.package_identification:_identify(src/basic_gazebo_robot) by extensions ['ros']
[0.573s] Level 1:colcon.colcon_core.package_identification:_identify(src/basic_gazebo_robot) by extension 'ros'
[0.575s] DEBUG:colcon.colcon_core.package_identification:Package 'src/basic_gazebo_robot' with type 'ros.ament_cmake' and name 'basic_gazebo_robot'
[0.575s] Level 1:colcon.colcon_core.package_identification:_identify(src/camera_pkg) by extensions ['ignore', 'ignore_ament_install']
[0.575s] Level 1:colcon.colcon_core.package_identification:_identify(src/camera_pkg) by extension 'ignore'
[0.575s] Level 1:colcon.colcon_core.package_identification:_identify(src/camera_pkg) by extension 'ignore_ament_install'
[0.575s] Level 1:colcon.colcon_core.package_identification:_identify(src/camera_pkg) by extensions ['colcon_pkg']
[0.575s] Level 1:colcon.colcon_core.package_identification:_identify(src/camera_pkg) by extension 'colcon_pkg'
[0.575s] Level 1:colcon.colcon_core.package_identification:_identify(src/camera_pkg) by extensions ['colcon_meta']
[0.575s] Level 1:colcon.colcon_core.package_identification:_identify(src/camera_pkg) by extension 'colcon_meta'
[0.576s] Level 1:colcon.colcon_core.package_identification:_identify(src/camera_pkg) by extensions ['ros']
[0.576s] Level 1:colcon.colcon_core.package_identification:_identify(src/camera_pkg) by extension 'ros'
[0.576s] DEBUG:colcon.colcon_core.package_identification:Package 'src/camera_pkg' with type 'ros.ament_python' and name 'camera_pkg'
[0.576s] Level 1:colcon.colcon_core.package_identification:_identify(src/launch) by extensions ['ignore', 'ignore_ament_install']
[0.577s] Level 1:colcon.colcon_core.package_identification:_identify(src/launch) by extension 'ignore'
[0.577s] Level 1:colcon.colcon_core.package_identification:_identify(src/launch) by extension 'ignore_ament_install'
[0.577s] Level 1:colcon.colcon_core.package_identification:_identify(src/launch) by extensions ['colcon_pkg']
[0.577s] Level 1:colcon.colcon_core.package_identification:_identify(src/launch) by extension 'colcon_pkg'
[0.577s] Level 1:colcon.colcon_core.package_identification:_identify(src/launch) by extensions ['colcon_meta']
[0.577s] Level 1:colcon.colcon_core.package_identification:_identify(src/launch) by extension 'colcon_meta'
[0.577s] Level 1:colcon.colcon_core.package_identification:_identify(src/launch) by extensions ['ros']
[0.577s] Level 1:colcon.colcon_core.package_identification:_identify(src/launch) by extension 'ros'
[0.577s] Level 1:colcon.colcon_core.package_identification:_identify(src/launch) by extensions ['cmake', 'python']
[0.577s] Level 1:colcon.colcon_core.package_identification:_identify(src/launch) by extension 'cmake'
[0.577s] Level 1:colcon.colcon_core.package_identification:_identify(src/launch) by extension 'python'
[0.577s] Level 1:colcon.colcon_core.package_identification:_identify(src/launch) by extensions ['python_setup_py']
[0.577s] Level 1:colcon.colcon_core.package_identification:_identify(src/launch) by extension 'python_setup_py'
[0.578s] Level 1:colcon.colcon_core.package_identification:_identify(src/lidar_pkg) by extensions ['ignore', 'ignore_ament_install']
[0.578s] Level 1:colcon.colcon_core.package_identification:_identify(src/lidar_pkg) by extension 'ignore'
[0.578s] Level 1:colcon.colcon_core.package_identification:_identify(src/lidar_pkg) by extension 'ignore_ament_install'
[0.578s] Level 1:colcon.colcon_core.package_identification:_identify(src/lidar_pkg) by extensions ['colcon_pkg']
[0.578s] Level 1:colcon.colcon_core.package_identification:_identify(src/lidar_pkg) by extension 'colcon_pkg'
[0.578s] Level 1:colcon.colcon_core.package_identification:_identify(src/lidar_pkg) by extensions ['colcon_meta']
[0.578s] Level 1:colcon.colcon_core.package_identification:_identify(src/lidar_pkg) by extension 'colcon_meta'
[0.578s] Level 1:colcon.colcon_core.package_identification:_identify(src/lidar_pkg) by extensions ['ros']
[0.578s] Level 1:colcon.colcon_core.package_identification:_identify(src/lidar_pkg) by extension 'ros'
[0.579s] DEBUG:colcon.colcon_core.package_identification:Package 'src/lidar_pkg' with type 'ros.ament_python' and name 'lidar_pkg'
[0.579s] Level 1:colcon.colcon_core.package_identification:_identify(src/my_cpp_pkg) by extensions ['ignore', 'ignore_ament_install']
[0.579s] Level 1:colcon.colcon_core.package_identification:_identify(src/my_cpp_pkg) by extension 'ignore'
[0.579s] Level 1:colcon.colcon_core.package_identification:_identify(src/my_cpp_pkg) by extension 'ignore_ament_install'
[0.579s] Level 1:colcon.colcon_core.package_identification:_identify(src/my_cpp_pkg) by extensions ['colcon_pkg']
[0.579s] Level 1:colcon.colcon_core.package_identification:_identify(src/my_cpp_pkg) by extension 'colcon_pkg'
[0.579s] Level 1:colcon.colcon_core.package_identification:_identify(src/my_cpp_pkg) by extensions ['colcon_meta']
[0.579s] Level 1:colcon.colcon_core.package_identification:_identify(src/my_cpp_pkg) by extension 'colcon_meta'
[0.579s] Level 1:colcon.colcon_core.package_identification:_identify(src/my_cpp_pkg) by extensions ['ros']
[0.579s] Level 1:colcon.colcon_core.package_identification:_identify(src/my_cpp_pkg) by extension 'ros'
[0.580s] DEBUG:colcon.colcon_core.package_identification:Package 'src/my_cpp_pkg' with type 'ros.ament_cmake' and name 'my_cpp_pkg'
[0.580s] Level 1:colcon.colcon_core.package_identification:_identify(src/my_py_pkg) by extensions ['ignore', 'ignore_ament_install']
[0.580s] Level 1:colcon.colcon_core.package_identification:_identify(src/my_py_pkg) by extension 'ignore'
[0.580s] Level 1:colcon.colcon_core.package_identification:_identify(src/my_py_pkg) by extension 'ignore_ament_install'
[0.580s] Level 1:colcon.colcon_core.package_identification:_identify(src/my_py_pkg) by extensions ['colcon_pkg']
[0.580s] Level 1:colcon.colcon_core.package_identification:_identify(src/my_py_pkg) by extension 'colcon_pkg'
[0.581s] Level 1:colcon.colcon_core.package_identification:_identify(src/my_py_pkg) by extensions ['colcon_meta']
[0.581s] Level 1:colcon.colcon_core.package_identification:_identify(src/my_py_pkg) by extension 'colcon_meta'
[0.581s] Level 1:colcon.colcon_core.package_identification:_identify(src/my_py_pkg) by extensions ['ros']
[0.581s] Level 1:colcon.colcon_core.package_identification:_identify(src/my_py_pkg) by extension 'ros'
[0.581s] DEBUG:colcon.colcon_core.package_identification:Package 'src/my_py_pkg' with type 'ros.ament_python' and name 'my_py_pkg'
[0.582s] Level 1:colcon.colcon_core.package_identification:_identify(src/navigation_pkg) by extensions ['ignore', 'ignore_ament_install']
[0.582s] Level 1:colcon.colcon_core.package_identification:_identify(src/navigation_pkg) by extension 'ignore'
[0.582s] Level 1:colcon.colcon_core.package_identification:_identify(src/navigation_pkg) by extension 'ignore_ament_install'
[0.582s] Level 1:colcon.colcon_core.package_identification:_identify(src/navigation_pkg) by extensions ['colcon_pkg']
[0.582s] Level 1:colcon.colcon_core.package_identification:_identify(src/navigation_pkg) by extension 'colcon_pkg'
[0.582s] Level 1:colcon.colcon_core.package_identification:_identify(src/navigation_pkg) by extensions ['colcon_meta']
[0.582s] Level 1:colcon.colcon_core.package_identification:_identify(src/navigation_pkg) by extension 'colcon_meta'
[0.582s] Level 1:colcon.colcon_core.package_identification:_identify(src/navigation_pkg) by extensions ['ros']
[0.582s] Level 1:colcon.colcon_core.package_identification:_identify(src/navigation_pkg) by extension 'ros'
[0.583s] DEBUG:colcon.colcon_core.package_identification:Package 'src/navigation_pkg' with type 'ros.ament_python' and name 'navigation_pkg'
[0.583s] Level 1:colcon.colcon_core.package_identification:_identify(src/robot_action_pkg) by extensions ['ignore', 'ignore_ament_install']
[0.583s] Level 1:colcon.colcon_core.package_identification:_identify(src/robot_action_pkg) by extension 'ignore'
[0.583s] Level 1:colcon.colcon_core.package_identification:_identify(src/robot_action_pkg) by extension 'ignore_ament_install'
[0.583s] Level 1:colcon.colcon_core.package_identification:_identify(src/robot_action_pkg) by extensions ['colcon_pkg']
[0.583s] Level 1:colcon.colcon_core.package_identification:_identify(src/robot_action_pkg) by extension 'colcon_pkg'
[0.583s] Level 1:colcon.colcon_core.package_identification:_identify(src/robot_action_pkg) by extensions ['colcon_meta']
[0.583s] Level 1:colcon.colcon_core.package_identification:_identify(src/robot_action_pkg) by extension 'colcon_meta'
[0.583s] Level 1:colcon.colcon_core.package_identification:_identify(src/robot_action_pkg) by extensions ['ros']
[0.583s] Level 1:colcon.colcon_core.package_identification:_identify(src/robot_action_pkg) by extension 'ros'
[0.584s] DEBUG:colcon.colcon_core.package_identification:Package 'src/robot_action_pkg' with type 'ros.ament_python' and name 'robot_action_pkg'
[0.584s] Level 1:colcon.colcon_core.package_identification:_identify(src/robot_control_pkg) by extensions ['ignore', 'ignore_ament_install']
[0.585s] Level 1:colcon.colcon_core.package_identification:_identify(src/robot_control_pkg) by extension 'ignore'
[0.585s] Level 1:colcon.colcon_core.package_identification:_identify(src/robot_control_pkg) by extension 'ignore_ament_install'
[0.585s] Level 1:colcon.colcon_core.package_identification:_identify(src/robot_control_pkg) by extensions ['colcon_pkg']
[0.585s] Level 1:colcon.colcon_core.package_identification:_identify(src/robot_control_pkg) by extension 'colcon_pkg'
[0.585s] Level 1:colcon.colcon_core.package_identification:_identify(src/robot_control_pkg) by extensions ['colcon_meta']
[0.585s] Level 1:colcon.colcon_core.package_identification:_identify(src/robot_control_pkg) by extension 'colcon_meta'
[0.585s] Level 1:colcon.colcon_core.package_identification:_identify(src/robot_control_pkg) by extensions ['ros']
[0.585s] Level 1:colcon.colcon_core.package_identification:_identify(src/robot_control_pkg) by extension 'ros'
[0.586s] DEBUG:colcon.colcon_core.package_identification:Package 'src/robot_control_pkg' with type 'ros.ament_python' and name 'robot_control_pkg'
[0.586s] Level 1:colcon.colcon_core.package_identification:_identify(src/robot_interfaces) by extensions ['ignore', 'ignore_ament_install']
[0.586s] Level 1:colcon.colcon_core.package_identification:_identify(src/robot_interfaces) by extension 'ignore'
[0.586s] Level 1:colcon.colcon_core.package_identification:_identify(src/robot_interfaces) by extension 'ignore_ament_install'
[0.586s] Level 1:colcon.colcon_core.package_identification:_identify(src/robot_interfaces) by extensions ['colcon_pkg']
[0.586s] Level 1:colcon.colcon_core.package_identification:_identify(src/robot_interfaces) by extension 'colcon_pkg'
[0.587s] Level 1:colcon.colcon_core.package_identification:_identify(src/robot_interfaces) by extensions ['colcon_meta']
[0.587s] Level 1:colcon.colcon_core.package_identification:_identify(src/robot_interfaces) by extension 'colcon_meta'
[0.587s] Level 1:colcon.colcon_core.package_identification:_identify(src/robot_interfaces) by extensions ['ros']
[0.587s] Level 1:colcon.colcon_core.package_identification:_identify(src/robot_interfaces) by extension 'ros'
[0.588s] DEBUG:colcon.colcon_core.package_identification:Package 'src/robot_interfaces' with type 'ros.ament_cmake' and name 'robot_interfaces'
[0.588s] Level 1:colcon.colcon_core.package_identification:_identify(src/robot_service_pkg) by extensions ['ignore', 'ignore_ament_install']
[0.588s] Level 1:colcon.colcon_core.package_identification:_identify(src/robot_service_pkg) by extension 'ignore'
[0.588s] Level 1:colcon.colcon_core.package_identification:_identify(src/robot_service_pkg) by extension 'ignore_ament_install'
[0.588s] Level 1:colcon.colcon_core.package_identification:_identify(src/robot_service_pkg) by extensions ['colcon_pkg']
[0.588s] Level 1:colcon.colcon_core.package_identification:_identify(src/robot_service_pkg) by extension 'colcon_pkg'
[0.588s] Level 1:colcon.colcon_core.package_identification:_identify(src/robot_service_pkg) by extensions ['colcon_meta']
[0.588s] Level 1:colcon.colcon_core.package_identification:_identify(src/robot_service_pkg) by extension 'colcon_meta'
[0.589s] Level 1:colcon.colcon_core.package_identification:_identify(src/robot_service_pkg) by extensions ['ros']
[0.589s] Level 1:colcon.colcon_core.package_identification:_identify(src/robot_service_pkg) by extension 'ros'
[0.589s] DEBUG:colcon.colcon_core.package_identification:Package 'src/robot_service_pkg' with type 'ros.ament_python' and name 'robot_service_pkg'
[0.590s] Level 1:colcon.colcon_core.package_identification:_identify(src/vision_pkg) by extensions ['ignore', 'ignore_ament_install']
[0.590s] Level 1:colcon.colcon_core.package_identification:_identify(src/vision_pkg) by extension 'ignore'
[0.590s] Level 1:colcon.colcon_core.package_identification:_identify(src/vision_pkg) by extension 'ignore_ament_install'
[0.590s] Level 1:colcon.colcon_core.package_identification:_identify(src/vision_pkg) by extensions ['colcon_pkg']
[0.590s] Level 1:colcon.colcon_core.package_identification:_identify(src/vision_pkg) by extension 'colcon_pkg'
[0.590s] Level 1:colcon.colcon_core.package_identification:_identify(src/vision_pkg) by extensions ['colcon_meta']
[0.590s] Level 1:colcon.colcon_core.package_identification:_identify(src/vision_pkg) by extension 'colcon_meta'
[0.590s] Level 1:colcon.colcon_core.package_identification:_identify(src/vision_pkg) by extensions ['ros']
[0.590s] Level 1:colcon.colcon_core.package_identification:_identify(src/vision_pkg) by extension 'ros'
[0.591s] DEBUG:colcon.colcon_core.package_identification:Package 'src/vision_pkg' with type 'ros.ament_python' and name 'vision_pkg'
[0.591s] Level 1:colcon.colcon_core.package_discovery:discover_packages(recursive) using defaults
[0.592s] Level 1:colcon.colcon_core.package_discovery:discover_packages(ignore) discover
[0.592s] Level 1:colcon.colcon_core.package_discovery:discover_packages(ignore) using defaults
[0.592s] Level 1:colcon.colcon_core.package_discovery:discover_packages(path) discover
[0.592s] Level 1:colcon.colcon_core.package_discovery:discover_packages(path) using defaults
[0.786s] INFO:colcon.colcon_core.package_selection:Skipping not selected package 'camera_pkg' in 'src/camera_pkg'
[0.786s] INFO:colcon.colcon_core.package_selection:Skipping not selected package 'lidar_pkg' in 'src/lidar_pkg'
[0.786s] INFO:colcon.colcon_core.package_selection:Skipping not selected package 'my_cpp_pkg' in 'src/my_cpp_pkg'
[0.786s] INFO:colcon.colcon_core.package_selection:Skipping not selected package 'my_py_pkg' in 'src/my_py_pkg'
[0.786s] INFO:colcon.colcon_core.package_selection:Skipping not selected package 'navigation_pkg' in 'src/navigation_pkg'
[0.786s] INFO:colcon.colcon_core.package_selection:Skipping not selected package 'robot_comm_pkg' in 'robot_comm_pkg'
[0.786s] INFO:colcon.colcon_core.package_selection:Skipping not selected package 'robot_control_pkg' in 'src/robot_control_pkg'
[0.786s] INFO:colcon.colcon_core.package_selection:Skipping not selected package 'robot_interfaces' in 'src/robot_interfaces'
[0.786s] INFO:colcon.colcon_core.package_selection:Skipping not selected package 'robot_service_pkg' in 'src/robot_service_pkg'
[0.786s] INFO:colcon.colcon_core.package_selection:Skipping not selected package 'vision_pkg' in 'src/vision_pkg'
[0.786s] INFO:colcon.colcon_core.package_selection:Skipping not selected package 'robot_action_pkg' in 'src/robot_action_pkg'
[0.787s] Level 1:colcon.colcon_core.package_discovery:discover_packages(prefix_path) check parameters
[0.787s] Level 1:colcon.colcon_core.package_discovery:discover_packages(prefix_path) discover
[0.796s] DEBUG:colcon.colcon_installed_package_information.package_discovery:Found 12 installed packages in /data2/Brinda/Documents/Reports/ROS2/my_ros2_workspace/install
[0.797s] DEBUG:colcon.colcon_installed_package_information.package_discovery:Found 423 installed packages in /opt/ros/humble
[0.800s] Level 1:colcon.colcon_core.package_discovery:discover_packages(prefix_path) using defaults
[0.862s] Level 5:colcon.colcon_core.verb:set package 'basic_gazebo_robot' build argument 'cmake_args' from command line to 'None'
[0.862s] Level 5:colcon.colcon_core.verb:set package 'basic_gazebo_robot' build argument 'cmake_target' from command line to 'None'
[0.862s] Level 5:colcon.colcon_core.verb:set package 'basic_gazebo_robot' build argument 'cmake_target_skip_unavailable' from command line to 'False'
[0.862s] Level 5:colcon.colcon_core.verb:set package 'basic_gazebo_robot' build argument 'cmake_clean_cache' from command line to 'False'
[0.862s] Level 5:colcon.colcon_core.verb:set package 'basic_gazebo_robot' build argument 'cmake_clean_first' from command line to 'False'
[0.862s] Level 5:colcon.colcon_core.verb:set package 'basic_gazebo_robot' build argument 'cmake_force_configure' from command line to 'False'
[0.862s] Level 5:colcon.colcon_core.verb:set package 'basic_gazebo_robot' build argument 'ament_cmake_args' from command line to 'None'
[0.862s] Level 5:colcon.colcon_core.verb:set package 'basic_gazebo_robot' build argument 'catkin_cmake_args' from command line to 'None'
[0.862s] Level 5:colcon.colcon_core.verb:set package 'basic_gazebo_robot' build argument 'catkin_skip_building_tests' from command line to 'False'
[0.862s] DEBUG:colcon.colcon_core.verb:Building package 'basic_gazebo_robot' with the following arguments: {'ament_cmake_args': None, 'build_base': '/data2/Brinda/Documents/Reports/ROS2/my_ros2_workspace/build/basic_gazebo_robot', 'catkin_cmake_args': None, 'catkin_skip_building_tests': False, 'cmake_args': None, 'cmake_clean_cache': False, 'cmake_clean_first': False, 'cmake_force_configure': False, 'cmake_target': None, 'cmake_target_skip_unavailable': False, 'install_base': '/data2/Brinda/Documents/Reports/ROS2/my_ros2_workspace/install/basic_gazebo_robot', 'merge_install': False, 'path': '/data2/Brinda/Documents/Reports/ROS2/my_ros2_workspace/src/basic_gazebo_robot', 'symlink_install': False, 'test_result_base': None}
[0.863s] INFO:colcon.colcon_core.executor:Executing jobs using 'parallel' executor
[0.863s] DEBUG:colcon.colcon_parallel_executor.executor.parallel:run_until_complete
[0.863s] INFO:colcon.colcon_ros.task.ament_cmake.build:Building ROS package in '/data2/Brinda/Documents/Reports/ROS2/my_ros2_workspace/src/basic_gazebo_robot' with build type 'ament_cmake'
[0.864s] INFO:colcon.colcon_cmake.task.cmake.build:Building CMake package in '/data2/Brinda/Documents/Reports/ROS2/my_ros2_workspace/src/basic_gazebo_robot'
[0.867s] INFO:colcon.colcon_core.plugin_system:Skipping extension 'colcon_core.shell.bat': Not used on non-Windows systems
[0.867s] INFO:colcon.colcon_core.shell:Skip shell extension 'powershell' for command environment: Not usable outside of PowerShell
[0.867s] DEBUG:colcon.colcon_core.shell:Skip shell extension 'dsv' for command environment
[0.887s] DEBUG:colcon.colcon_core.event_handler.log_command:Invoking command in '/data2/Brinda/Documents/Reports/ROS2/my_ros2_workspace/build/basic_gazebo_robot': CMAKE_PREFIX_PATH=${CMAKE_PREFIX_PATH}:/data2/Brinda/Documents/Reports/ROS2/my_ros2_workspace/install/vision_pkg:/data2/Brinda/Documents/Reports/ROS2/my_ros2_workspace/install/robot_service_pkg:/data2/Brinda/Documents/Reports/ROS2/my_ros2_workspace/install/robot_action_pkg:/data2/Brinda/Documents/Reports/ROS2/my_ros2_workspace/install/robot_control_pkg:/data2/Brinda/Documents/Reports/ROS2/my_ros2_workspace/install/robot_comm_pkg:/data2/Brinda/Documents/Reports/ROS2/my_ros2_workspace/install/navigation_pkg:/data2/Brinda/Documents/Reports/ROS2/my_ros2_workspace/install/my_py_pkg:/data2/Brinda/Documents/Reports/ROS2/my_ros2_workspace/install/lidar_pkg:/data2/Brinda/Documents/Reports/ROS2/my_ros2_workspace/install/camera_pkg:/opt/ros/humble /usr/bin/cmake --build /data2/Brinda/Documents/Reports/ROS2/my_ros2_workspace/build/basic_gazebo_robot -- -j16 -l16
[0.959s] DEBUG:colcon.colcon_core.event_handler.log_command:Invoked command in '/data2/Brinda/Documents/Reports/ROS2/my_ros2_workspace/build/basic_gazebo_robot' returned '0': CMAKE_PREFIX_PATH=${CMAKE_PREFIX_PATH}:/data2/Brinda/Documents/Reports/ROS2/my_ros2_workspace/install/vision_pkg:/data2/Brinda/Documents/Reports/ROS2/my_ros2_workspace/install/robot_service_pkg:/data2/Brinda/Documents/Reports/ROS2/my_ros2_workspace/install/robot_action_pkg:/data2/Brinda/Documents/Reports/ROS2/my_ros2_workspace/install/robot_control_pkg:/data2/Brinda/Documents/Reports/ROS2/my_ros2_workspace/install/robot_comm_pkg:/data2/Brinda/Documents/Reports/ROS2/my_ros2_workspace/install/navigation_pkg:/data2/Brinda/Documents/Reports/ROS2/my_ros2_workspace/install/my_py_pkg:/data2/Brinda/Documents/Reports/ROS2/my_ros2_workspace/install/lidar_pkg:/data2/Brinda/Documents/Reports/ROS2/my_ros2_workspace/install/camera_pkg:/opt/ros/humble /usr/bin/cmake --build /data2/Brinda/Documents/Reports/ROS2/my_ros2_workspace/build/basic_gazebo_robot -- -j16 -l16
[0.974s] DEBUG:colcon.colcon_core.event_handler.log_command:Invoking command in '/data2/Brinda/Documents/Reports/ROS2/my_ros2_workspace/build/basic_gazebo_robot': CMAKE_PREFIX_PATH=${CMAKE_PREFIX_PATH}:/data2/Brinda/Documents/Reports/ROS2/my_ros2_workspace/install/vision_pkg:/data2/Brinda/Documents/Reports/ROS2/my_ros2_workspace/install/robot_service_pkg:/data2/Brinda/Documents/Reports/ROS2/my_ros2_workspace/install/robot_action_pkg:/data2/Brinda/Documents/Reports/ROS2/my_ros2_workspace/install/robot_control_pkg:/data2/Brinda/Documents/Reports/ROS2/my_ros2_workspace/install/robot_comm_pkg:/data2/Brinda/Documents/Reports/ROS2/my_ros2_workspace/install/navigation_pkg:/data2/Brinda/Documents/Reports/ROS2/my_ros2_workspace/install/my_py_pkg:/data2/Brinda/Documents/Reports/ROS2/my_ros2_workspace/install/lidar_pkg:/data2/Brinda/Documents/Reports/ROS2/my_ros2_workspace/install/camera_pkg:/opt/ros/humble /usr/bin/cmake --install /data2/Brinda/Documents/Reports/ROS2/my_ros2_workspace/build/basic_gazebo_robot
[1.049s] Level 1:colcon.colcon_core.environment:create_environment_scripts_only(basic_gazebo_robot)
[1.050s] DEBUG:colcon.colcon_core.event_handler.log_command:Invoked command in '/data2/Brinda/Documents/Reports/ROS2/my_ros2_workspace/build/basic_gazebo_robot' returned '0': CMAKE_PREFIX_PATH=${CMAKE_PREFIX_PATH}:/data2/Brinda/Documents/Reports/ROS2/my_ros2_workspace/install/vision_pkg:/data2/Brinda/Documents/Reports/ROS2/my_ros2_workspace/install/robot_service_pkg:/data2/Brinda/Documents/Reports/ROS2/my_ros2_workspace/install/robot_action_pkg:/data2/Brinda/Documents/Reports/ROS2/my_ros2_workspace/install/robot_control_pkg:/data2/Brinda/Documents/Reports/ROS2/my_ros2_workspace/install/robot_comm_pkg:/data2/Brinda/Documents/Reports/ROS2/my_ros2_workspace/install/navigation_pkg:/data2/Brinda/Documents/Reports/ROS2/my_ros2_workspace/install/my_py_pkg:/data2/Brinda/Documents/Reports/ROS2/my_ros2_workspace/install/lidar_pkg:/data2/Brinda/Documents/Reports/ROS2/my_ros2_workspace/install/camera_pkg:/opt/ros/humble /usr/bin/cmake --install /data2/Brinda/Documents/Reports/ROS2/my_ros2_workspace/build/basic_gazebo_robot
[1.058s] Level 1:colcon.colcon_core.environment:checking '/data2/Brinda/Documents/Reports/ROS2/my_ros2_workspace/install/basic_gazebo_robot' for CMake module files
[1.064s] Level 1:colcon.colcon_core.environment:checking '/data2/Brinda/Documents/Reports/ROS2/my_ros2_workspace/install/basic_gazebo_robot' for CMake config files
[1.067s] Level 1:colcon.colcon_core.shell:create_environment_hook('basic_gazebo_robot', 'cmake_prefix_path')
[1.068s] INFO:colcon.colcon_core.shell:Creating environment hook '/data2/Brinda/Documents/Reports/ROS2/my_ros2_workspace/install/basic_gazebo_robot/share/basic_gazebo_robot/hook/cmake_prefix_path.ps1'
[1.069s] INFO:colcon.colcon_core.shell:Creating environment descriptor '/data2/Brinda/Documents/Reports/ROS2/my_ros2_workspace/install/basic_gazebo_robot/share/basic_gazebo_robot/hook/cmake_prefix_path.dsv'
[1.070s] INFO:colcon.colcon_core.shell:Creating environment hook '/data2/Brinda/Documents/Reports/ROS2/my_ros2_workspace/install/basic_gazebo_robot/share/basic_gazebo_robot/hook/cmake_prefix_path.sh'
[1.073s] Level 1:colcon.colcon_core.environment:checking '/data2/Brinda/Documents/Reports/ROS2/my_ros2_workspace/install/basic_gazebo_robot/bin'
[1.073s] Level 1:colcon.colcon_core.environment:checking '/data2/Brinda/Documents/Reports/ROS2/my_ros2_workspace/install/basic_gazebo_robot/lib/pkgconfig/basic_gazebo_robot.pc'
[1.073s] Level 1:colcon.colcon_core.environment:checking '/data2/Brinda/Documents/Reports/ROS2/my_ros2_workspace/install/basic_gazebo_robot/lib/python3.10/site-packages'
[1.074s] Level 1:colcon.colcon_core.environment:checking '/data2/Brinda/Documents/Reports/ROS2/my_ros2_workspace/install/basic_gazebo_robot/bin'
[1.074s] INFO:colcon.colcon_core.shell:Creating package script '/data2/Brinda/Documents/Reports/ROS2/my_ros2_workspace/install/basic_gazebo_robot/share/basic_gazebo_robot/package.ps1'
[1.076s] INFO:colcon.colcon_core.shell:Creating package descriptor '/data2/Brinda/Documents/Reports/ROS2/my_ros2_workspace/install/basic_gazebo_robot/share/basic_gazebo_robot/package.dsv'
[1.077s] INFO:colcon.colcon_core.shell:Creating package script '/data2/Brinda/Documents/Reports/ROS2/my_ros2_workspace/install/basic_gazebo_robot/share/basic_gazebo_robot/package.sh'
[1.079s] INFO:colcon.colcon_core.shell:Creating package script '/data2/Brinda/Documents/Reports/ROS2/my_ros2_workspace/install/basic_gazebo_robot/share/basic_gazebo_robot/package.bash'
[1.080s] INFO:colcon.colcon_core.shell:Creating package script '/data2/Brinda/Documents/Reports/ROS2/my_ros2_workspace/install/basic_gazebo_robot/share/basic_gazebo_robot/package.zsh'
[1.081s] Level 1:colcon.colcon_core.environment:create_file_with_runtime_dependencies(/data2/Brinda/Documents/Reports/ROS2/my_ros2_workspace/install/basic_gazebo_robot/share/colcon-core/packages/basic_gazebo_robot)
[1.082s] Level 1:colcon.colcon_core.environment:create_environment_scripts_only(basic_gazebo_robot)
[1.083s] Level 1:colcon.colcon_core.environment:checking '/data2/Brinda/Documents/Reports/ROS2/my_ros2_workspace/install/basic_gazebo_robot' for CMake module files
[1.087s] Level 1:colcon.colcon_core.environment:checking '/data2/Brinda/Documents/Reports/ROS2/my_ros2_workspace/install/basic_gazebo_robot' for CMake config files
[1.091s] Level 1:colcon.colcon_core.shell:create_environment_hook('basic_gazebo_robot', 'cmake_prefix_path')
[1.091s] INFO:colcon.colcon_core.shell:Creating environment hook '/data2/Brinda/Documents/Reports/ROS2/my_ros2_workspace/install/basic_gazebo_robot/share/basic_gazebo_robot/hook/cmake_prefix_path.ps1'
[1.092s] INFO:colcon.colcon_core.shell:Creating environment descriptor '/data2/Brinda/Documents/Reports/ROS2/my_ros2_workspace/install/basic_gazebo_robot/share/basic_gazebo_robot/hook/cmake_prefix_path.dsv'
[1.093s] INFO:colcon.colcon_core.shell:Creating environment hook '/data2/Brinda/Documents/Reports/ROS2/my_ros2_workspace/install/basic_gazebo_robot/share/basic_gazebo_robot/hook/cmake_prefix_path.sh'
[1.094s] Level 1:colcon.colcon_core.environment:checking '/data2/Brinda/Documents/Reports/ROS2/my_ros2_workspace/install/basic_gazebo_robot/bin'
[1.094s] Level 1:colcon.colcon_core.environment:checking '/data2/Brinda/Documents/Reports/ROS2/my_ros2_workspace/install/basic_gazebo_robot/lib/pkgconfig/basic_gazebo_robot.pc'
[1.094s] Level 1:colcon.colcon_core.environment:checking '/data2/Brinda/Documents/Reports/ROS2/my_ros2_workspace/install/basic_gazebo_robot/lib/python3.10/site-packages'
[1.095s] Level 1:colcon.colcon_core.environment:checking '/data2/Brinda/Documents/Reports/ROS2/my_ros2_workspace/install/basic_gazebo_robot/bin'
[1.095s] INFO:colcon.colcon_core.shell:Creating package script '/data2/Brinda/Documents/Reports/ROS2/my_ros2_workspace/install/basic_gazebo_robot/share/basic_gazebo_robot/package.ps1'
[1.096s] INFO:colcon.colcon_core.shell:Creating package descriptor '/data2/Brinda/Documents/Reports/ROS2/my_ros2_workspace/install/basic_gazebo_robot/share/basic_gazebo_robot/package.dsv'
[1.096s] INFO:colcon.colcon_core.shell:Creating package script '/data2/Brinda/Documents/Reports/ROS2/my_ros2_workspace/install/basic_gazebo_robot/share/basic_gazebo_robot/package.sh'
[1.097s] INFO:colcon.colcon_core.shell:Creating package script '/data2/Brinda/Documents/Reports/ROS2/my_ros2_workspace/install/basic_gazebo_robot/share/basic_gazebo_robot/package.bash'
[1.098s] INFO:colcon.colcon_core.shell:Creating package script '/data2/Brinda/Documents/Reports/ROS2/my_ros2_workspace/install/basic_gazebo_robot/share/basic_gazebo_robot/package.zsh'
[1.099s] Level 1:colcon.colcon_core.environment:create_file_with_runtime_dependencies(/data2/Brinda/Documents/Reports/ROS2/my_ros2_workspace/install/basic_gazebo_robot/share/colcon-core/packages/basic_gazebo_robot)
[1.100s] DEBUG:colcon.colcon_parallel_executor.executor.parallel:closing loop
[1.100s] DEBUG:colcon.colcon_parallel_executor.executor.parallel:loop closed
[1.100s] DEBUG:colcon.colcon_parallel_executor.executor.parallel:run_until_complete finished with '0'
[1.100s] DEBUG:colcon.colcon_core.event_reactor:joining thread
[1.111s] INFO:colcon.colcon_core.plugin_system:Skipping extension 'colcon_notification.desktop_notification.terminal_notifier': Not used on non-Darwin systems
[1.111s] INFO:colcon.colcon_core.plugin_system:Skipping extension 'colcon_notification.desktop_notification.win32': Not used on non-Windows systems
[1.111s] INFO:colcon.colcon_notification.desktop_notification:Sending desktop notification using 'notify2'
[1.127s] DEBUG:colcon.colcon_core.event_reactor:joined thread
[1.127s] INFO:colcon.colcon_core.shell:Creating prefix script '/data2/Brinda/Documents/Reports/ROS2/my_ros2_workspace/install/local_setup.ps1'
[1.128s] INFO:colcon.colcon_core.shell:Creating prefix util module '/data2/Brinda/Documents/Reports/ROS2/my_ros2_workspace/install/_local_setup_util_ps1.py'
[1.130s] INFO:colcon.colcon_core.shell:Creating prefix chain script '/data2/Brinda/Documents/Reports/ROS2/my_ros2_workspace/install/setup.ps1'
[1.137s] INFO:colcon.colcon_core.shell:Creating prefix script '/data2/Brinda/Documents/Reports/ROS2/my_ros2_workspace/install/local_setup.sh'
[1.138s] INFO:colcon.colcon_core.shell:Creating prefix util module '/data2/Brinda/Documents/Reports/ROS2/my_ros2_workspace/install/_local_setup_util_sh.py'
[1.140s] INFO:colcon.colcon_core.shell:Creating prefix chain script '/data2/Brinda/Documents/Reports/ROS2/my_ros2_workspace/install/setup.sh'
[1.148s] INFO:colcon.colcon_core.shell:Creating prefix script '/data2/Brinda/Documents/Reports/ROS2/my_ros2_workspace/install/local_setup.bash'
[1.149s] INFO:colcon.colcon_core.shell:Creating prefix chain script '/data2/Brinda/Documents/Reports/ROS2/my_ros2_workspace/install/setup.bash'
[1.156s] INFO:colcon.colcon_core.shell:Creating prefix script '/data2/Brinda/Documents/Reports/ROS2/my_ros2_workspace/install/local_setup.zsh'
[1.157s] INFO:colcon.colcon_core.shell:Creating prefix chain script '/data2/Brinda/Documents/Reports/ROS2/my_ros2_workspace/install/setup.zsh'
