running egg_info
creating ../build/robot_comm_pkg/robot_comm_pkg.egg-info
writing ../build/robot_comm_pkg/robot_comm_pkg.egg-info/PKG-INFO
writing dependency_links to ../build/robot_comm_pkg/robot_comm_pkg.egg-info/dependency_links.txt
writing entry points to ../build/robot_comm_pkg/robot_comm_pkg.egg-info/entry_points.txt
writing requirements to ../build/robot_comm_pkg/robot_comm_pkg.egg-info/requires.txt
writing top-level names to ../build/robot_comm_pkg/robot_comm_pkg.egg-info/top_level.txt
writing manifest file '../build/robot_comm_pkg/robot_comm_pkg.egg-info/SOURCES.txt'
reading manifest file '../build/robot_comm_pkg/robot_comm_pkg.egg-info/SOURCES.txt'
writing manifest file '../build/robot_comm_pkg/robot_comm_pkg.egg-info/SOURCES.txt'
running build
running build_py
creating /data2/Brinda/Documents/Reports/ROS2/my_ros2_workspace/build/robot_comm_pkg/build/lib/robot_comm_pkg
copying robot_comm_pkg/battery_publisher.py -> /data2/Brinda/Documents/Reports/ROS2/my_ros2_workspace/build/robot_comm_pkg/build/lib/robot_comm_pkg
copying robot_comm_pkg/camera_publisher.py -> /data2/Brinda/Documents/Reports/ROS2/my_ros2_workspace/build/robot_comm_pkg/build/lib/robot_comm_pkg
copying robot_comm_pkg/position_publisher.py -> /data2/Brinda/Documents/Reports/ROS2/my_ros2_workspace/build/robot_comm_pkg/build/lib/robot_comm_pkg
copying robot_comm_pkg/position_subscriber.py -> /data2/Brinda/Documents/Reports/ROS2/my_ros2_workspace/build/robot_comm_pkg/build/lib/robot_comm_pkg
copying robot_comm_pkg/temperature_publisher.py -> /data2/Brinda/Documents/Reports/ROS2/my_ros2_workspace/build/robot_comm_pkg/build/lib/robot_comm_pkg
copying robot_comm_pkg/velocity_publisher.py -> /data2/Brinda/Documents/Reports/ROS2/my_ros2_workspace/build/robot_comm_pkg/build/lib/robot_comm_pkg
copying robot_comm_pkg/__init__.py -> /data2/Brinda/Documents/Reports/ROS2/my_ros2_workspace/build/robot_comm_pkg/build/lib/robot_comm_pkg
running install
running install_lib
creating /data2/Brinda/Documents/Reports/ROS2/my_ros2_workspace/install/robot_comm_pkg/lib/python3.10/site-packages/robot_comm_pkg
copying /data2/Brinda/Documents/Reports/ROS2/my_ros2_workspace/build/robot_comm_pkg/build/lib/robot_comm_pkg/battery_publisher.py -> /data2/Brinda/Documents/Reports/ROS2/my_ros2_workspace/install/robot_comm_pkg/lib/python3.10/site-packages/robot_comm_pkg
copying /data2/Brinda/Documents/Reports/ROS2/my_ros2_workspace/build/robot_comm_pkg/build/lib/robot_comm_pkg/camera_publisher.py -> /data2/Brinda/Documents/Reports/ROS2/my_ros2_workspace/install/robot_comm_pkg/lib/python3.10/site-packages/robot_comm_pkg
copying /data2/Brinda/Documents/Reports/ROS2/my_ros2_workspace/build/robot_comm_pkg/build/lib/robot_comm_pkg/position_publisher.py -> /data2/Brinda/Documents/Reports/ROS2/my_ros2_workspace/install/robot_comm_pkg/lib/python3.10/site-packages/robot_comm_pkg
copying /data2/Brinda/Documents/Reports/ROS2/my_ros2_workspace/build/robot_comm_pkg/build/lib/robot_comm_pkg/position_subscriber.py -> /data2/Brinda/Documents/Reports/ROS2/my_ros2_workspace/install/robot_comm_pkg/lib/python3.10/site-packages/robot_comm_pkg
copying /data2/Brinda/Documents/Reports/ROS2/my_ros2_workspace/build/robot_comm_pkg/build/lib/robot_comm_pkg/temperature_publisher.py -> /data2/Brinda/Documents/Reports/ROS2/my_ros2_workspace/install/robot_comm_pkg/lib/python3.10/site-packages/robot_comm_pkg
copying /data2/Brinda/Documents/Reports/ROS2/my_ros2_workspace/build/robot_comm_pkg/build/lib/robot_comm_pkg/velocity_publisher.py -> /data2/Brinda/Documents/Reports/ROS2/my_ros2_workspace/install/robot_comm_pkg/lib/python3.10/site-packages/robot_comm_pkg
copying /data2/Brinda/Documents/Reports/ROS2/my_ros2_workspace/build/robot_comm_pkg/build/lib/robot_comm_pkg/__init__.py -> /data2/Brinda/Documents/Reports/ROS2/my_ros2_workspace/install/robot_comm_pkg/lib/python3.10/site-packages/robot_comm_pkg
byte-compiling /data2/Brinda/Documents/Reports/ROS2/my_ros2_workspace/install/robot_comm_pkg/lib/python3.10/site-packages/robot_comm_pkg/battery_publisher.py to battery_publisher.cpython-310.pyc
byte-compiling /data2/Brinda/Documents/Reports/ROS2/my_ros2_workspace/install/robot_comm_pkg/lib/python3.10/site-packages/robot_comm_pkg/camera_publisher.py to camera_publisher.cpython-310.pyc
byte-compiling /data2/Brinda/Documents/Reports/ROS2/my_ros2_workspace/install/robot_comm_pkg/lib/python3.10/site-packages/robot_comm_pkg/position_publisher.py to position_publisher.cpython-310.pyc
byte-compiling /data2/Brinda/Documents/Reports/ROS2/my_ros2_workspace/install/robot_comm_pkg/lib/python3.10/site-packages/robot_comm_pkg/position_subscriber.py to position_subscriber.cpython-310.pyc
byte-compiling /data2/Brinda/Documents/Reports/ROS2/my_ros2_workspace/install/robot_comm_pkg/lib/python3.10/site-packages/robot_comm_pkg/temperature_publisher.py to temperature_publisher.cpython-310.pyc
byte-compiling /data2/Brinda/Documents/Reports/ROS2/my_ros2_workspace/install/robot_comm_pkg/lib/python3.10/site-packages/robot_comm_pkg/velocity_publisher.py to velocity_publisher.cpython-310.pyc
byte-compiling /data2/Brinda/Documents/Reports/ROS2/my_ros2_workspace/install/robot_comm_pkg/lib/python3.10/site-packages/robot_comm_pkg/__init__.py to __init__.cpython-310.pyc
running install_data
creating /data2/Brinda/Documents/Reports/ROS2/my_ros2_workspace/install/robot_comm_pkg/share/ament_index/resource_index/packages
copying resource/robot_comm_pkg -> /data2/Brinda/Documents/Reports/ROS2/my_ros2_workspace/install/robot_comm_pkg/share/ament_index/resource_index/packages
copying package.xml -> /data2/Brinda/Documents/Reports/ROS2/my_ros2_workspace/install/robot_comm_pkg/share/robot_comm_pkg
running install_egg_info
Copying ../build/robot_comm_pkg/robot_comm_pkg.egg-info to /data2/Brinda/Documents/Reports/ROS2/my_ros2_workspace/install/robot_comm_pkg/lib/python3.10/site-packages/robot_comm_pkg-0.0.0-py3.10.egg-info
running install_scripts
Installing battery_pub script to /data2/Brinda/Documents/Reports/ROS2/my_ros2_workspace/install/robot_comm_pkg/lib/robot_comm_pkg
Installing camera_pub script to /data2/Brinda/Documents/Reports/ROS2/my_ros2_workspace/install/robot_comm_pkg/lib/robot_comm_pkg
Installing position_pub script to /data2/Brinda/Documents/Reports/ROS2/my_ros2_workspace/install/robot_comm_pkg/lib/robot_comm_pkg
Installing position_sub script to /data2/Brinda/Documents/Reports/ROS2/my_ros2_workspace/install/robot_comm_pkg/lib/robot_comm_pkg
Installing temperature_pub script to /data2/Brinda/Documents/Reports/ROS2/my_ros2_workspace/install/robot_comm_pkg/lib/robot_comm_pkg
Installing velocity_pub script to /data2/Brinda/Documents/Reports/ROS2/my_ros2_workspace/install/robot_comm_pkg/lib/robot_comm_pkg
writing list of installed files to '/data2/Brinda/Documents/Reports/ROS2/my_ros2_workspace/build/robot_comm_pkg/install.log'
