[0.644s] Invoking command in '/data2/Brinda/Documents/Reports/ROS2/my_ros2_workspace/build/my_cpp_pkg': CMAKE_PREFIX_PATH=${CMAKE_PREFIX_PATH}:/opt/ros/humble /usr/bin/cmake /data2/Brinda/Documents/Reports/ROS2/my_ros2_workspace/src/my_cpp_pkg -DAMENT_CMAKE_SYMLINK_INSTALL=1 -DCMAKE_INSTALL_PREFIX=/data2/Brinda/Documents/Reports/ROS2/my_ros2_workspace/install/my_cpp_pkg
[1.525s] -- The C compiler identification is GNU 11.4.0
[1.525s] -- The CXX compiler identification is GNU 11.4.0
[1.525s] -- Detecting C compiler ABI info
[1.525s] -- Detecting C compiler ABI info - done
[1.525s] -- Check for working C compiler: /usr/bin/cc - skipped
[1.525s] -- Detecting C compile features
[1.525s] -- Detecting C compile features - done
[1.525s] -- Detecting CXX compiler ABI info
[1.526s] -- Detecting CXX compiler ABI info - done
[1.526s] -- Check for working CXX compiler: /usr/bin/c++ - skipped
[1.526s] -- Detecting CXX compile features
[1.526s] -- Detecting CXX compile features - done
[1.526s] -- Found ament_cmake: 1.3.14 (/opt/ros/humble/share/ament_cmake/cmake)
[1.526s] -- Found Python3: /usr/bin/python3 (found version "3.10.12") found components: Interpreter 
[1.526s] -- Override CMake install command with custom implementation using symlinks instead of copying resources
[1.526s] -- Found rclcpp: 16.0.19 (/opt/ros/humble/share/rclcpp/cmake)
[1.526s] -- Found rosidl_generator_c: 3.1.8 (/opt/ros/humble/share/rosidl_generator_c/cmake)
[1.526s] -- Found rosidl_adapter: 3.1.8 (/opt/ros/humble/share/rosidl_adapter/cmake)
[1.526s] -- Found rosidl_generator_cpp: 3.1.8 (/opt/ros/humble/share/rosidl_generator_cpp/cmake)
[1.526s] -- Using all available rosidl_typesupport_c: rosidl_typesupport_fastrtps_c;rosidl_typesupport_introspection_c
[1.527s] -- Using all available rosidl_typesupport_cpp: rosidl_typesupport_fastrtps_cpp;rosidl_typesupport_introspection_cpp
[1.564s] -- Found rmw_implementation_cmake: 6.1.2 (/opt/ros/humble/share/rmw_implementation_cmake/cmake)
[1.567s] -- Found rmw_fastrtps_cpp: 6.2.10 (/opt/ros/humble/share/rmw_fastrtps_cpp/cmake)
[1.663s] -- Found OpenSSL: /usr/lib/x86_64-linux-gnu/libcrypto.so (found version "3.0.2")  
[1.707s] -- Found FastRTPS: /opt/ros/humble/include  
[1.754s] -- Using RMW implementation 'rmw_fastrtps_cpp' as default
[1.784s] -- Looking for pthread.h
[1.955s] -- Looking for pthread.h - found
[1.956s] -- Performing Test CMAKE_HAVE_LIBC_PTHREAD
[2.102s] -- Performing Test CMAKE_HAVE_LIBC_PTHREAD - Success
[2.104s] -- Found Threads: TRUE  
[2.290s] -- Configuring done
[2.357s] -- Generating done
[2.376s] -- Build files have been written to: /data2/Brinda/Documents/Reports/ROS2/my_ros2_workspace/build/my_cpp_pkg
[2.383s] Invoked command in '/data2/Brinda/Documents/Reports/ROS2/my_ros2_workspace/build/my_cpp_pkg' returned '0': CMAKE_PREFIX_PATH=${CMAKE_PREFIX_PATH}:/opt/ros/humble /usr/bin/cmake /data2/Brinda/Documents/Reports/ROS2/my_ros2_workspace/src/my_cpp_pkg -DAMENT_CMAKE_SYMLINK_INSTALL=1 -DCMAKE_INSTALL_PREFIX=/data2/Brinda/Documents/Reports/ROS2/my_ros2_workspace/install/my_cpp_pkg
[2.385s] Invoking command in '/data2/Brinda/Documents/Reports/ROS2/my_ros2_workspace/build/my_cpp_pkg': CMAKE_PREFIX_PATH=${CMAKE_PREFIX_PATH}:/opt/ros/humble /usr/bin/cmake --build /data2/Brinda/Documents/Reports/ROS2/my_ros2_workspace/build/my_cpp_pkg -- -j16 -l16
[2.486s] [ 50%] [32mBuilding CXX object CMakeFiles/cpp_node.dir/src/my_first_node.cpp.o[0m
[4.197s] [100%] [32m[1mLinking CXX executable cpp_node[0m
[4.303s] [100%] Built target cpp_node
